00000 Reserved
00001 Port Service Multiplexer
00002 Management Utility
00003 Compression Process
00004 Unassigned
00005 Remote Job Entry
00006 Unassigned
00007 Echo
00008 Unassigned
00009 Discard
00010 Unassigned
00011 Active Users
00012 Unassigned
00013 Daytime (RFC 867)
00014 Unassigned
00015 Unassigned [was netstat]
00016 Unassigned
00017 Quote of the Day
00018 Message Send Protocol
00019 Character Generator
00020 File Transfer [Default Data]
00021 File Transfer [Control]
00022 SSH Remote Login Protocol
00023 Telnet
00024 Any Private Mail System
00025 Simple Mail Transfer
00026 Unassigned
00027 NSW User System FE
00028 Unassigned
00029 MSG ICP
00030 Unassigned
00031 MSG Authentication
00032 Unassigned
00033 Display Support Protocol
00034 Unassigned
00035 Any Private Printer Server
00036 Unassigned
00037 Time / W32.Sober.I virus
00038 Route Access Protocol
00039 Resource Location Protocol
00040 Unassigned
00041 Graphics
00042 Host Name Server
00043 WhoIs
00044 MPM FLAGS Protocol
00045 Message Processing Module [recv]
00046 MPM [default send]
00047 NI FTP
00048 Digital Audit Daemon
00049 Login Host Protocol (TACACS)
00050 Remote Mail Checking Protocol
00051 IMP Logical Address Maintenance
00052 XNS Time Protocol
00053 Domain Name Server
00054 XNS Clearinghouse
00055 ISI Graphics Language
00056 XNS Authentication
00057 any private terminal access
00058 XNS Mail
00059 Any Private File Service 	
00060 Unassigned 	
00061 NI MAIL 	
00062 ACA Services 	
00063 whois++ 	
00064 Communications Integrator (CI) 	
00065 TACACS-Database Service 	
00066 Oracle SQL*NET 	
00067 Bootstrap Protocol Server 	
00068 Bootstrap Protocol Client 	
00069 Trivial File Transfer 	
00070 Gopher 	
00071 Remote Job Service 	
00072 Remote Job Service 	
00073 Remote Job Service 	
00074 Remote Job Service 	
00075 any private dial out service 	
00076 Distributed External Object Store 	
00077 any private RJE service 	
00078 vettcp 	
00079 Finger 	
00080 World Wide Web HTTP 	
00081 HOSTS2 Name Server / Bagle-AZ worm / Win32.Rbot worm 	
00082 XFER Utility 	
00083 MIT ML Device 	
00084 Common Trace Facility 	
00085 MIT ML Device 	
00086 Micro Focus Cobol 	
00087 any private terminal link 	
00088 Kerberos 	
00089 SU/MIT Telnet Gateway 	
00090 DNSIX Securit Attribute Token Map 	
00091 MIT Dover Spooler 	
00092 Network Printing Protocol 	
00093 Device Control Protocol 	
00094 Tivoli Object Dispatcher 	
00095 SUPDUP 	
00096 DIXIE Protocol Specification 	
00097 Swift Remote Virtural File Protocol 	
00098 Linuxconf / TAC News 	
00099 Metagram Relay 	
00100 [unauthorized use]
00101 NIC Host Name Server 		
00102 MSExchangeMTA X.400 / ISO-TSAP Class 0 		
00103 Genesis Point-to-Point Trans Net 		
00104 ACR-NEMA Digital Imag. & Comm. 300 		
00105 Mailbox Name Nameserver 		
00106 3COM-TSMUX 		
00107 Remote Telnet Service 		
00108 SNA Gateway Access Server 		
00109 Post Office Protocol - Version 2 		
00110 Post Office Protocol - Version 3 		
00111 SUN Remote Procedure Call 		
00112 McIDAS Data Transmission Protocol 		
00113 Authentication Service 		
00114 Audio News Multicast 		
00115 Simple File Transfer Protocol 		
00116 ANSA REX Notify 		
00117 UUCP Path Service 		
00118 SQL Services 		
00119 Network News Transfer Protocol 		
00120 CFDPTKT 		
00121 Encore Expedited Remote Pro.Call 		
00122 SMAKYNET 		
00123 Network Time Protocol 		
00124 ANSA REX Trader 		
00125 Locus PC-Interface Net Map Ser 		
00126 Unisys Unitary Login 		
00127 Locus PC-Interface Conn Server 		
00128 GSS X License Verification 		
00129 Password Generator Protocol 		
00130 cisco FNATIVE 		
00131 cisco TNATIVE 		
00132 cisco SYSMAINT 		
00133 Statistics Service 		
00134 INGRES-NET Service 		
00135 DCE endpoint resolution    
00136 PROFILE Naming System		
00137 NETBIOS Name Service		
00138 NETBIOS Datagram Service		
00139 NETBIOS Session Service		
00140 EMFIS Data Service		
00141 EMFIS Control Service		
00142 Britton-Lee IDM		
00143 Internet Message Access Protocol		
00144 Universal Management Architecture		
00145 UAAC Protocol		
00146 ISO-IP0		
00147 ISO-IP		
00148 Jargon		
00149 AED 512 Emulation Service		
00150 SQL-NET		
00151 HEMS		
00152 Background File Transfer Program		
00153 SGMP		
00154 NETSC		
00155 NETSC		
00156 SQL Service		
00157 KNET/VM Command/Message Protocol		
00158 PCMail Server		
00159 NSS-Routing		
00160 SGMP-TRAPS		
00161 SNMP		
00162 SNMPTRAP		
00163 CMIP/TCP Manager		
00164 CMIP/TCP Agent		
00165 Xerox		
00166 Sirius Systems		
00167 NAMP		
00168 RSVD		
00169 SEND		
00170 Network PostScript		
00171 Network Innovations Multiplex		
00172 Network Innovations CL/1		
00173 Xyplex		
00174 MAILQ		
00175 VMNET		
00176 GENRAD-MUX		
00177 X Display Manager Control Protocol		
00178 NextStep Window Server		
00179 Border Gateway Protocol		
00180 Intergraph		
00181 Unify		
00182 Unisys Audit SITP		
00183 OCBinder		
00184 OCServer		
00185 Remote-KIS		
00186 KIS Protocol		
00187 Application Communication Interface		
00188 Plus Five's MUMPS		
00189 Queued File Transport		
00190 Gateway Access Control Protocol		
00191 Prospero Directory Service		
00192 OSU Network Monitoring System		
00193 Spider Remote Monitoring Protocol		
00194 Internet Relay Chat Protocol		
00195 DNSIX Network Level Module Audit		
00196 DNSIX Session Mgt Module Audit Redir		
00197 Directory Location Service		
00198 Directory Location Service Monitor		
00199 SMUX		
00200 IBM System Resource Controller		
00201 AppleTalk Routing Maintenance		
00202 AppleTalk Name Binding		
00203 AppleTalk Unused		
00204 AppleTalk Echo		
00205 AppleTalk Unused		
00206 AppleTalk Zone Information		
00207 AppleTalk Unused		
00208 AppleTalk Unused		
00209 The Quick Mail Transfer Protocol		
00210 ANSI Z39.50		
00211 Texas Instruments 914C/G Terminal		
00212 ATEXSSTR		
00213 IPX		
00214 VM PWSCS		
00215 Insignia Solutions		
00216 Computer Associates Int'l License Server		
00217 dBASE Unix		
00218 Netix Message Posting Protocol		
00219 Unisys ARPs		
00220 Interactive Mail Access Protocol v3		
00221 Berkeley rlogind with SPX auth		
00222 Berkeley rshd with SPX auth		
00223 Certificate Distribution Center		
00224 masqdialer		
00242 Direct		
00243 Survey Measurement		
00244 inbusiness		
00245 LINK		
00246 Display Systems Protocol		
00247 SUBNTBCST_TFTP		
00248 bhfhs		
00256 RAP/Checkpoint SNMP		
00257 Check Point / Secure Electronic Transaction		
00258 Check Point / Yak Winsock Personal Chat		
00259 Check Point Firewall-1 telnet auth / Efficient Short Remote Operations		
00260 Openport		
00261 IIOP Name Service over TLS/SSL		
00262 Arcisdms		
00263 HDAP		
00264 BGMP / Check Point		
00265 X-Bone CTL		
00266 SCSI on ST		
00267 Tobit David Service Layer		
00268 Tobit David Replica		
00280 HTTP-mgmt		
00281 Personal Link		
00282 Cable Port A/X		
00283 rescap		
00284 corerjd		
00286 FXP-1		
00287 K-BLOCK		
00308 Novastor Backup		
00309 EntrustTime		
00310 bhmds		
00311 AppleShare IP WebAdmin		
00312 VSLMP		
00313 Magenta Logic		
00314 Opalis Robot		
00315 DPSI		
00316 decAuth		
00317 Zannet		
00318 PKIX TimeStamp		
00319 PTP Event		
00320 PTP General		
00321 PIP		
00322 RTSPS		
00333 Texar Security Port		
00344 Prospero Data Access Protocol		
00345 Perf Analysis Workbench		
00346 Zebra server		
00347 Fatmen Server		
00348 Cabletron Management Protocol		
00349 mftp		
00350 MATIP Type A		
00351 bhoetty (added 5/21/97)		
00352 bhoedap4 (added 5/21/97)		
00353 NDSAUTH		
00354 bh611		
00355 DATEX-ASN		
00356 Cloanto Net 1		
00357 bhevent		
00358 Shrinkwrap		
00359 Tenebris Network Trace Service		
00360 scoi2odialog		
00361 Semantix		
00362 SRS Send		
00363 RSVP Tunnel		
00364 Aurora CMGR		
00365 DTK		
00366 ODMR		
00367 MortgageWare		
00368 QbikGDP		
00369 rpc2portmap		
00370 codaauth2		
00371 Clearcase		
00372 ListProcessor		
00373 Legent Corporation		
00374 Legent Corporation		
00375 Hassle		
00376 Amiga Envoy Network Inquiry Proto		
00377 NEC Corporation		
00378 NEC Corporation		
00379 TIA/EIA/IS-99 modem client		
00380 TIA/EIA/IS-99 modem server		
00381 hp performance data collector		
00382 hp performance data managed node		
00383 hp performance data alarm manager		
00384 A Remote Network Server System		
00385 IBM Application		
00386 ASA Message Router Object Def.		
00387 Appletalk Update-Based Routing Pro.		
00388 Unidata LDM		
00389 Lightweight Directory Access Protocol / Internet Locator Service (ILS)		
00390 UIS		
00391 SynOptics SNMP Relay Port		
00392 SynOptics Port Broker Port		
00393 Data Interpretation System		
00394 EMBL Nucleic Data Transfer		
00395 NETscout Control Protocol		
00396 Novell Netware over IP		
00397 Multi Protocol Trans. Net.		
00398 Kryptolan		
00399 ISO Transport Class 2 Non-Control over TCP		
00400 Workstation Solutions		
00401 Uninterruptible Power Supply		
00402 Genie Protocol		
00403 decap		
00404 nced		
00405 ncld		
00406 Interactive Mail Support Protocol		
00407 Timbuktu		
00408 Prospero Resource Manager Sys. Man.		
00409 Prospero Resource Manager Node Man.		
00410 DECLadebug Remote Debug Protocol		
00411 Remote MT Protocol		
00412 NeoModus Direct Connect (Windows file sharing program) / Trap Convention Port		
00413 SMSP		
00414 InfoSeek		
00415 BNet		
00416 Silverplatter		
00417 Onmux		
00418 Hyper-G		
00419 Ariel		
00420 SMPTE		
00421 Ariel		
00422 Ariel		
00423 IBM Operations Planning and Control Start		
00424 IBM Operations Planning and Control Track		
00425 ICAD		
00426 smartsdp		
00427 Server Location		
00428 OCS_CMU		
00429 OCS_AMU		
00430 UTMPSD		
00431 UTMPCD		
00432 IASD		
00433 NNSP		
00434 MobileIP-Agent		
00435 MobilIP-MN		
00436 DNA-CML		
00437 comscm		
00438 dsfgw		
00439 dasp		
00440 sgcp		
00441 decvms-sysmgt		
00442 cvc_hostd		
00443 HTTP protocol over TLS/SSL		
00444 Simple Network Paging Protocol		
00445 Microsoft-DS		
00446 DDM-RDB		
00447 DDM-RFM		
00448 DDM-SSL		
00449 AS Server Mapper		
00450 TServer		
00451 Cray Network Semaphore server		
00452 Cray SFS config server		
00453 CreativeServer		
00454 ContentServer		
00455 Creative Part Nr.		
00456 macon-tcp		
00457 scohelp		
00458 apple quick time		
00459 ampr-rcmd		
00460 skronk		
00461 DataRampSrv		
00462 DataRampSrvSec		
00463 alpes		
00464 kpasswd		
00465 SMTPS		
00466 digital-vrc		
00467 mylex-mapd		
00468 proturis		
00469 Radio Control Protocol		
00470 scx-proxy		
00471 Mondex		
00472 ljk-login		
00473 hybrid-pop		
00474 tn-tl-w1		
00475 tcpnethaspsrv		
00476 tn-tl-fd1		
00477 ss7ns		
00478 spsc		
00479 iafserver		
00480 iafdbase		
00481 Ph service		
00482 bgs-nsi		
00483 ulpnet		
00484 Integra Software Management Environment		
00485 Air Soft Power Burst		
00486 avian		
00487 saft Simple Asynchronous File Transfer		
00488 gss-HTTP		
00489 nest-protocol		
00490 micom-pfs		
00491 go-login		
00492 Transport Independent Convergence for FNA		
00493 Transport Independent Convergence for FNA		
00494 POV-Ray		
00495 intecourier		
00496 PIM-RP-DISC		
00497 dantz		
00498 siam		
00499 ISO ILL Protocol		
00500 ISAKMP		
00501 STMF		
00502 asa-appl-proto		
00503 Intrinsa		
00504 citadel		
00505 mailbox-lm		
00506 ohimsrv		
00507 crs		
00508 xvttp		
00509 snare		
00510 FirstClass Protocol		
00511 PassGo		
00512 Remote process execution		
00513 Remote Login		
00514 Remote Shell		
00515 spooler		
00516 videotex		
00517 like tenex link but across		
00518 talkd		
00519 unixtime		
00520 extended file name server		
00521 ripng		
00522 User Location Service / ULP		
00523 IBM-DB2		
00524 NCP		
00525 timeserver		
00526 newdate		
00527 Stock IXChange		
00528 Customer IXChange		
00529 IRC-SERV		
00530 rpc		
00531 chat		
00532 readnews		
00533 for emergency broadcasts		
00534 MegaMedia Admin		
00535 iiop		
00536 opalis-rdv		
00537 Networked Media Streaming Protocol		
00538 gdomap		
00539 Apertus Technologies Load Determination		
00540 uucpd		
00541 uucp-rlogin		
00542 commerce		
00543 kerberos (v4/v5)		
00544 krcmd		
00545 appleqtcsrvr		
00546 DHCPv6 Client		
00547 DHCPv6 Server		
00548 AppleShare AFP over TCP		
00549 IDFP		
00550 new-who		
00551 cybercash		
00552 deviceshare		
00553 pirp		
00554 Real Time Stream Control Protocol		
00555 phAse Zero backdoor (Win 9x, NT) / dsf		
00556 rfs server		
00557 openvms-sysipc		
00558 SDNSKMP		
00559 TEEDTAP / Backdoor.Domwis Win32 trojan		
00560 rmonitord		
00561 monitor		
00562 chcmd		
00563 AOL IM / NNTP protocol over TLS/SSL		
00564 plan 9 file service		
00565 whoami		
00566 streettalk		
00567 banyan-rpc		
00568 microsoft shuttle		
00569 microsoft rome		
00570 demon		
00571 udemon		
00572 sonar		
00573 banyan-vip		
00574 FTP Software Agent System		
00575 VEMMI		
00576 ipcd		
00577 vnas		
00578 ipdd		
00579 decbsrv		
00580 SNTP HEARTBEAT		
00581 Bundle Discovery Protocol		
00582 SCC Security		
00583 Philips Video-Conferencing		
00584 Key Server		
00585 IMAP4+SSL		
00586 Password Change		
00587 Message Submission (Sendmail)		
00588 CAL		
00589 EyeLink		
00590 TNS CML		
00591 FileMaker Inc. - HTTP Alternate		
00592 Eudora Set		
00593 HTTP RPC Ep Map		
00594 TPIP		
00595 CAB Protocol		
00596 SMSD		
00597 PTC Name Service		
00598 SCO Web Server Manager 3		
00599 Aeolon Core Protocol		
00600 Sun IPC server		
00606 Cray Unified Resource Manager		
00607 nqs		
00608 Sender-Initiated/Unsolicited File Transfer		
00609 npmp-trap		
00610 Apple Admin Service / npmp-local		
00611 npmp-gui		
00612 HMMP Indication		
00613 HMMP Operation		
00614 SSLshell		
00615 Internet Configuration Manager		
00616 SCO System Administration Server		
00617 SCO Desktop Administration Server		
00618 DEI-ICDA		
00619 Digital EVM		
00620 SCO WebServer Manager		
00621 ESCP		
00622 Collaborator		
00623 Aux Bus Shunt		
00624 Crypto Admin		
00625 DEC DLM		
00626 ASIA		
00627 PassGo Tivoli		
00628 QMQP		
00629 3Com AMP3		
00630 RDA		
00631 IPP (Internet Printing Protocol)		
00632 bmpp		
00633 Service Status update (Sterling Software)		
00634 ginad		
00635 RLZ DBase		
00636 LDAP protocol over TLS/SSL		
00637 lanserver		
00638 mcns-sec		
00639 MSDP		
00640 entrust-sps		
00641 repcmd		
00642 ESRO-EMSDP V1.3		
00643 SANity		
00644 dwr		
00645 PSSC		
00646 LDP		
00647 DHCP Failover		
00648 Registry Registrar Protocol (RRP)		
00649 Aminet		
00650 OBEX		
00651 IEEE MMS		
00652 UDLR_DTCP		
00653 RepCmd		
00654 AODV		
00655 TINC		
00656 SPMP		
00657 RMC		
00658 TenFold		
00659 URL Rendezvous		
00660 MacOS Server Admin		
00661 HAP		
00662 PFTP		
00663 PureNoise		
00664 Secure Aux Bus		
00665 Sun DR		
00666 doom Id Software		
00667 campaign contribution disclosures - SDR Technologies		
00668 MeComm		
00669 MeRegister		
00670 VACDSM-SWS		
00671 VACDSM-APP		
00672 VPPS-QUA		
00673 CIMPLEX		
00674 ACAP		
00675 DCTP		
00676 VPPS Via		
00677 Virtual Presence Protocol		
00678 GNU Gereration Foundation NCP		
00679 MRM		
00680 entrust-aaas		
00681 entrust-aams		
00682 XFR		
00683 CORBA IIOP		
00684 CORBA IIOP SSL		
00685 MDC Port Mapper		
00686 Hardware Control Protocol Wismar		
00687 asipregistry		
00688 REALM-RUSD		
00689 NMAP		
00690 VATP		
00691 MS Exchange Routing		
00692 Hyperwave-ISP		
00693 connendp		
00694 ha-cluster		
00695 IEEE-MMS-SSL		
00696 RUSHD		
00697 UUIDGEN		
00698 OLSR		
00704 errlog copy/server daemon		
00705 AgentX		
00706 SILC		
00707 W32.Nachi Worm / Borland DSJ		
00709 Entrust Key Management Service Handler		
00710 Entrust Administration Service Handler		
00711 Cisco TDP		
00729 IBM NetView DM/6000 Server/Client		
00730 IBM NetView DM/6000 send/tcp		
00731 IBM NetView DM/6000 receive/tcp		
00740 (old) NETscout Control Protocol (old)		
00741 netGW		
00742 Network based Rev. Cont. Sys.		
00744 Flexible License Manager		
00747 Fujitsu Device Control		
00748 Russell Info Sci Calendar Manager		
00749 kerberos administration		
00750 rfile		
00751 pump		
00752 Kerberos password server		
00753 Kerberos userreg server		
00754 send		
00758 nlogin		
00759 con		
00760 kreg, kerberos/4 registration		
00761 kpwd, Kerberos/4 password		
00762 quotad		
00763 cycleserv		
00764 omserv		
00765 webster		
00767 phone		
00769 vid		
00770 cadlock		
00771 rtip		
00772 cycleserv2		
00773 submit		
00774 rpasswd		
00775 entomb		
00776 wpages		
00777 Multiling HTTP		
00780 wpgs		
00781 HP performance data collector		
00782 node HP performance data managed node		
00783 HP performance data alarm manager		
00786 Concert		
00787 QSC		
00799 ControlIT / Remotely Possible		
00800 mdbs_daemon / Remotely Possible		
00801 device		
00808 CCProxy		
00810 FCP		
00828 itm-mcell-s		
00829 PKIX-3 CA/RA		
00871 SUP server		
00873 rsync		
00886 ICL coNETion locate server		
00887 ICL coNETion server info		
00888 CD Database Protocol		
00900 Check Point Firewall-1 HTTP administration / OMG Initial Refs		
00901 Samba Web Administration Tool / Realsecure / SMPNAMERES/ NetDevil trojan		
00902 VMware Authentication Daemon / IDEAFARM-CHAT		
00903 IDEAFARM-CATCH / NetDevil trojan		
00911 xact-backup		
00912 VMware Authentication Daemon
00913 VMware Authentication Daemon Version 1.0 (version 1.10 uses TCP port 903)		
00989 FTP protocol data over TLS/SSL		
00990 FTP protocol control over TLS/SSL		
00991 Netnews Administration System		
00992 Telnet protocol over TLS/SSL		
00993 IMAP4 protocol over TLS/SSL		
00994 IRC protocol over TLS/SSL		
00995 POP3 protocol over TLS/SSL		
00996 vsinet		
00997 maitrd		
00998 busboy		
00999 puprouter		
01000 cadlock		
01002 Microsoft Site Server Internet Locator Service (Netmeeting/ICF)		
01008 UFS-aware server		
01010 surf		
01011 Doly (Windows Trojan)		
01015 Doly (Windows Trojan)		
01023 Reserved		
01024 Reserved		
01025 MSTASK / network blackjack		
01026 MSTASK / Remote Login Network Terminal		
01030 BBN IAD		
01031 InetInfo / BBN IAD		
01032 BBN IAD		
01042 W32.Mydoom.L virus		
01047 Sun's NEO Object Request Broker		
01048 Sun's NEO Object Request Broker		
01049 Tobit David Postman VPMN		
01050 CORBA Management Agent		
01051 Optima VNET		
01052 Dynamic DNS Tools		
01053 Remote Assistant (RA)		
01054 BRVREAD		
01055 ANSYS - License Manager		
01056 VFO		
01057 STARTRON		
01058 nim		
01059 nimreg		
01060 POLESTAR		
01061 KIOSK		
01062 Veracity		
01063 KyoceraNetDev		
01064 JSTEL		
01065 SYSCOMLAN		
01066 FPO-FNS		
01067 Installation Bootstrap Proto. Serv.		
01068 Installation Bootstrap Proto. Cli.		
01069 COGNEX-INSIGHT		
01070 GMRUpdateSERV		
01071 BSQUARE-VOIP		
01072 CARDAX		
01073 BridgeControl		
01074 FASTechnologies License Manager		
01075 RDRMSHC		
01076 DAB STI-C		
01077 IMGames		
01078 eManageCstp		
01079 ASPROVATalk		
01080 Socks / W32.Beagle.AB trojan		
01081 PVUNIWIEN		
01082 AMT-ESD-PROT		
01083 Anasoft License Manager		
01084 Anasoft License Manager		
01085 Web Objects		
01086 CPL Scrambler Logging		
01087 CPL Scrambler Internal		
01088 CPL Scrambler Alarm Log		
01089 FF Annunciation		
01090 FF Fieldbus Message Specification		
01091 FF System Management		
01092 OBRPD		
01093 PROOFD		
01094 ROOTD		
01095 NICELink		
01096 Common Name Resolution Protocol		
01097 Sun Cluster Manager		
01098 RMI Activation		
01099 RMI Registry		
01100 MCTP		
01101 PT2-DISCOVER		
01102 ADOBE SERVER 1		
01103 ADOBE SERVER 2		
01104 XRL		
01105 FTRANHC		
01106 ISOIPSIGPORT-1		
01107 ISOIPSIGPORT-2		
01108 ratio-adp		
01109 Pop with Kerberos		
01110 Cluster status info		
01111 LM Social Server		
01112 Intelligent Communication Protocol		
01114 Mini SQL		
01115 ARDUS Transfer		
01116 ARDUS Control		
01117 ARDUS Multicast Transfer		
01123 Murray		
01127 SUP debugging		
01155 Network File Access		
01161 Health Polling		
01162 Health Trap		
01169 TRIPWIRE		
01178 SKK (kanji input)		
01180 Millicent Client Proxy		
01188 HP Web Admin		
01200 SCOL		
01201 Nucleus Sand		
01202 caiccipc		
01203 License Validation		
01204 Log Request Listener		
01205 Accord-MGC		
01206 Anthony Data		
01207 MetaSage		
01208 SEAGULL AIS		
01209 IPCD3		
01210 EOSS		
01211 Groove DPP		
01212 lupa		
01213 MPC LIFENET		
01214 KAZAA (Morpheus)		
01215 scanSTAT 1.0		
01216 ETEBAC 5		
01217 HPSS-NDAPI		
01218 AeroFlight-ADs		
01219 AeroFlight-Ret		
01220 QT SERVER ADMIN		
01221 SweetWARE Apps		
01222 SNI R&D network		
01223 TGP		
01224 VPNz		
01225 SLINKYSEARCH		
01226 STGXFWS		
01227 DNS2Go		
01228 FLORENCE		
01229 Novell ZFS		
01234 W32.Beagle.Y trojan / Infoseek Search Agent		
01239 NMSD		
01241 Nessus Daemon / remote message service		
01243 SubSeven (Windows Trojan)		
01245 Subseven backdoor remote access tool		
01248 hermes		
01270 Microsoft Operations Manager MOM-Encrypted		
01300 H323 Host Call Secure		
01310 Husky		
01311 RxMon		
01312 STI Envision		
01313 BMC_PATROLDB		
01314 Photoscript Distributed Printing System		
01319 Panja-ICSP		
01320 Panja-AXBNET		
01321 PIP		
01335 Digital Notary Protocol		
01345 VPJP		
01346 Alta Analytics License Manager		
01347 multi media conferencing		
01348 multi media conferencing		
01349 Registration Network Protocol		
01350 Registration Network Protocol		
01351 Digital Tool Works (MIT)		
01352 Lotus Notes		
01353 Relief Consulting		
01354 RightBrain Software		
01355 Intuitive Edge		
01356 CuillaMartin Company		
01357 Electronic PegBoard		
01358 CONNLCLI		
01359 FTSRV		
01360 MIMER		
01361 LinX		
01362 TimeFlies		
01363 Network DataMover Requester		
01364 Network DataMover Server		
01365 Network Software Associates		
01366 Novell NetWare Comm Service Platform		
01367 DCS		
01368 ScreenCast		
01369 GlobalView to Unix Shell		
01370 Unix Shell to GlobalView		
01371 Fujitsu Config Protocol		
01372 Fujitsu Config Protocol		
01373 Chromagrafx		
01374 EPI Software Systems		
01375 Bytex		
01376 IBM Person to Person Software		
01377 Cichlid License Manager		
01378 Elan License Manager		
01379 Integrity Solutions		
01380 Telesis Network License Manager		
01381 Apple Network License Manager		
01382 udt_os		
01383 GW Hannaway Network License Manager		
01384 Objective Solutions License Manager		
01385 Atex Publishing License Manager		
01386 CheckSum License Manager		
01387 Computer Aided Design Software Inc LM		
01388 Objective Solutions DataBase Cache		
01389 Document Manager		
01390 Storage Controller		
01391 Storage Access Server		
01392 Print Manager		
01393 Network Log Server		
01394 Network Log Client		
01395 PC Workstation Manager software		
01396 DVL Active Mail		
01397 Audio Active Mail		
01398 Video Active Mail		
01399 Cadkey License Manager		
01400 Cadkey Tablet Daemon		
01401 Goldleaf License Manager		
01402 Prospero Resource Manager		
01403 Prospero Resource Manager		
01404 Infinite Graphics License Manager		
01405 IBM Remote Execution Starter		
01406 NetLabs License Manager		
01407 DBSA License Manager		
01408 Sophia License Manager		
01409 Here License Manager		
01410 HiQ License Manager		
01411 AudioFile		
01412 InnoSys		
01413 Innosys-ACL		
01414 IBM MQSeries		
01415 DBStar		
01416 Novell LU6.2		
01417 Timbuktu Service 1 Port		
01418 Timbuktu Service 2 Port		
01419 Timbuktu Service 3 Port		
01420 Timbuktu Service 4 Port		
01421 Gandalf License Manager		
01422 Autodesk License Manager		
01423 Essbase Arbor Software		
01424 Hybrid Encryption Protocol		
01425 Zion Software License Manager		
01426 Satellite-data Acquisition System 1		
01427 mloadd monitoring tool		
01428 Informatik License Manager		
01429 Hypercom NMS		
01430 Hypercom TPDU		
01431 Reverse Gossip Transport		
01432 Blueberry Software License Manager		
01433 Microsoft-SQL-Server		
01434 Microsoft-SQL-Monitor		
01435 IBM CICS		
01436 Satellite-data Acquisition System 2		
01437 Tabula		
01438 Eicon Security Agent/Server		
01439 Eicon X25/SNA Gateway		
01440 Eicon Service Location Protocol		
01441 Cadis License Management		
01442 Cadis License Management		
01443 Integrated Engineering Software		
01444 Marcam License Management		
01445 Proxima License Manager		
01446 Optical Research Associates License Manager		
01447 Applied Parallel Research LM		
01448 OpenConnect License Manager		
01449 PEport		
01450 Tandem Distributed Workbench Facility		
01451 IBM Information Management		
01452 GTE Government Systems License Man		
01453 Genie License Manager		
01454 interHDL License Manager		
01455 ESL License Manager		
01456 DCA		
01457 Valisys License Manager		
01458 Nichols Research Corp.		
01459 Proshare Notebook Application		
01460 Proshare Notebook Application		
01461 IBM Wireless LAN		
01462 World License Manager		
01463 Nucleus		
01464 MSL License Manager		
01465 Pipes Platform		
01466 Ocean Software License Manager		
01467 CSDMBASE		
01468 CSDM		
01469 Active Analysis Limited License Manager		
01470 Universal Analytics		
01471 csdmbase		
01472 csdm		
01473 OpenMath		
01474 Telefinder		
01475 Taligent License Manager		
01476 clvm-cfg		
01477 ms-sna-server		
01478 ms-sna-base		
01479 dberegister		
01480 PacerForum		
01481 AIRS		
01482 Miteksys License Manager		
01483 AFS License Manager		
01484 Confluent License Manager		
01485 LANSource		
01486 nms_topo_serv		
01487 LocalInfoSrvr		
01488 DocStor		
01489 dmdocbroker		
01490 insitu-conf		
01491 anynetgateway		
01492 stone-design-1		
01493 netmap_lm		
01494 Citrix/ica		
01495 cvc		
01496 liberty-lm		
01497 rfx-lm		
01498 Sybase SQL Any		
01499 Federico Heinz Consultora		
01500 VLSI License Manager		
01501 Satellite-data Acquisition System 3		
01502 Shiva		
01503 MS Netmeeting / T.120 / Databeam		
01504 EVB Software Engineering License Manager		
01505 Funk Software Inc.		
01506 Universal Time daemon (utcd)		
01507 symplex		
01508 diagmond		
01509 Robcad Ltd. License Manager		
01510 Midland Valley Exploration Ltd. Lic. Man.		
01511 3l-l1		
01512 Microsoft's Windows Internet Name Service		
01513 Fujitsu Systems Business of America Inc		
01514 Fujitsu Systems Business of America Inc		
01515 ifor-protocol		
01516 Virtual Places Audio data		
01517 Virtual Places Audio control		
01518 Virtual Places Video data		
01519 Virtual Places Video control		
01520 atm zip office		
01521 Oracle8i Listener / nCube License Manager		
01522 Ricardo North America License Manager		
01523 cichild		
01524 dtspcd / ingres		
01525 Oracle / Prospero Directory Service non-priv		
01526 Prospero Data Access Prot non-priv		
01527 oracle		
01528 micautoreg		
01529 oracle		
01530 Oracle ExtProc (PLSExtProc) / rap-service		
01531 rap-listen		
01532 miroconnect		
01533 Virtual Places Software		
01534 micromuse-lm		
01535 ampr-info		
01536 ampr-inter		
01537 isi-lm		
01538 3ds-lm		
01539 Intellistor License Manager		
01540 rds		
01541 rds2		
01542 gridgen-elmd		
01543 simba-cs		
01544 aspeclmd		
01545 vistium-share		
01546 abbaccuray		
01547 laplink		
01548 Axon License Manager		
01549 Shiva Hose		
01550 Image Storage license manager 3M Company		
01551 HECMTL-DB		
01552 pciarray		
01553 sna-cs		
01554 CACI Products Company License Manager		
01555 livelan		
01556 AshWin CI Tecnologies		
01557 ArborText License Manager		
01558 xingmpeg		
01559 web2host		
01560 asci-val		
01561 facilityview		
01562 pconnectmgr		
01563 Cadabra License Manager		
01564 Pay-Per-View		
01565 WinDD		
01566 CORELVIDEO		
01567 jlicelmd		
01568 tsspmap		
01569 ets		
01570 orbixd		
01571 Oracle Remote Data Base		
01572 Chipcom License Manager		
01573 itscomm-ns		
01574 mvel-lm		
01575 oraclenames		
01576 moldflow-lm		
01577 hypercube-lm		
01578 Jacobus License Manager		
01579 ioc-sea-lm		
01580 tn-tl-r1		
01581 MIL-2045-47001		
01582 MSIMS		
01583 simbaexpress		
01584 tn-tl-fd2		
01585 intv		
01586 ibm-abtact		
01587 pra_elmd		
01588 triquest-lm		
01589 VQP		
01590 gemini-lm		
01591 ncpm-pm		
01592 commonspace		
01593 mainsoft-lm		
01594 sixtrak		
01595 radio		
01596 radio-sm		
01597 orbplus-iiop		
01598 picknfs		
01599 simbaservices		
01600 Bofra-A worm / issd		
01601 aas		
01602 inspect		
01603 pickodbc		
01604 icabrowser		
01605 Salutation Manager (Salutation Protocol)		
01606 Salutation Manager (SLM-API)		
01607 stt		
01608 Smart Corp. License Manager		
01609 isysg-lm		
01610 taurus-wh		
01611 Inter Library Loan		
01612 NetBill Transaction Server		
01613 NetBill Key Repository		
01614 NetBill Credential Server		
01615 NetBill Authorization Server		
01616 NetBill Product Server		
01617 Nimrod Inter-Agent Communication		
01618 skytelnet		
01619 xs-openstorage		
01620 faxportwinport		
01621 softdataphone		
01622 ontime		
01623 jaleosnd		
01624 udp-sr-port		
01625 svs-omagent		
01626 Shockwave		
01627 T.128 Gateway		
01628 LonTalk normal		
01629 LonTalk urgent		
01630 Oracle Net8 Cman		
01631 Visit view		
01632 PAMMRATC		
01633 PAMMRPC		
01634 Log On America Probe		
01635 EDB Server 1		
01636 CableNet Control Protocol		
01637 CableNet Admin Protocol		
01638 Bofra-A worm / CableNet Info Protocol		
01639 cert-initiator		
01640 cert-responder		
01641 InVision		
01642 isis-am		
01643 isis-ambc		
01644 Satellite-data Acquisition System 4		
01645 datametrics		
01646 sa-msg-port		
01647 rsap		
01648 concurrent-lm		
01649 kermit		
01650 nkd		
01651 shiva_confsrvr		
01652 xnmp		
01653 alphatech-lm		
01654 stargatealerts		
01655 dec-mbadmin		
01656 dec-mbadmin-h		
01657 fujitsu-mmpdc		
01658 sixnetudr		
01659 Silicon Grail License Manager		
01660 skip-mc-gikreq		
01661 netview-aix-1		
01662 netview-aix-2		
01663 netview-aix-3		
01664 netview-aix-4		
01665 netview-aix-5		
01666 netview-aix-6		
01667 netview-aix-7		
01668 netview-aix-8		
01669 netview-aix-9		
01670 netview-aix-10		
01671 netview-aix-11		
01672 netview-aix-12		
01673 Intel Proshare Multicast		
01674 Intel Proshare Multicast		
01675 Pacific Data Products		
01676 netcomm1		
01677 groupwise		
01678 prolink		
01679 darcorp-lm		
01680 microcom-sbp		
01681 sd-elmd		
01682 lanyon-lantern		
01683 ncpm-hip		
01684 SnareSecure		
01685 n2nremote		
01686 cvmon		
01687 nsjtp-ctrl		
01688 nsjtp-data		
01689 firefox		
01690 ng-umds		
01691 empire-empuma		
01692 sstsys-lm		
01693 rrirtr		
01694 rrimwm		
01695 rrilwm		
01696 rrifmm		
01697 rrisat		
01698 RSVP-ENCAPSULATION-1		
01699 RSVP-ENCAPSULATION-2		
01700 mps-raft		
01701 l2tp / AOL		
01702 deskshare		
01703 hb-engine		
01704 bcs-broker		
01705 slingshot		
01706 jetform		
01707 vdmplay		
01708 gat-lmd		
01709 centra		
01710 impera		
01711 pptconference		
01712 resource monitoring service		
01713 ConferenceTalk		
01714 sesi-lm		
01715 houdini-lm		
01716 xmsg		
01717 fj-hdnet		
01718 h323gatedisc		
01719 h323gatestat		
01720 h323hostcall		
01721 caicci		
01722 HKS License Manager		
01723 pptp		
01724 csbphonemaster		
01725 iden-ralp		
01726 IBERIAGAMES		
01727 winddx		
01728 TELINDUS		
01729 CityNL License Management		
01730 roketz		
01731 MS Netmeeting / Audio call control / MSICCP		
01732 proxim		
01733 SIMS - SIIPAT Protocol for Alarm Transmission		
01734 Camber Corporation License Management		
01735 PrivateChat		
01736 street-stream		
01737 ultimad		
01738 GameGen1		
01739 webaccess		
01740 encore		
01741 cisco-net-mgmt		
01742 3Com-nsd		
01743 Cinema Graphics License Manager		
01744 ncpm-ft		
01745 ISA Server proxy autoconfig / Remote Winsock		
01746 ftrapid-1		
01747 ftrapid-2		
01748 oracle-em1		
01749 aspen-services		
01750 Simple Socket Library's PortMaster		
01751 SwiftNet		
01752 Leap of Faith Research License Manager		
01753 Translogic License Manager		
01754 oracle-em2		
01755 Microsoft Streaming Server		
01756 capfast-lmd		
01757 cnhrp		
01758 tftp-mcast		
01759 SPSS License Manager		
01760 www-ldap-gw		
01761 cft-0		
01762 cft-1		
01763 cft-2		
01764 cft-3		
01765 cft-4		
01766 cft-5		
01767 cft-6		
01768 cft-7		
01769 bmc-net-adm		
01770 bmc-net-svc		
01771 vaultbase		
01772 EssWeb Gateway		
01773 KMSControl		
01774 global-dtserv		
01776 Federal Emergency Management Information System		
01777 powerguardian		
01778 prodigy-internet		
01779 pharmasoft		
01780 dpkeyserv		
01781 answersoft-lm		
01782 HP JetSend		
01783 Port 04/14/00 fujitsu.co.jp		
01784 Finle License Manager		
01785 Wind River Systems License Manager		
01786 funk-logger		
01787 funk-license		
01788 psmond		
01789 hello		
01790 Narrative Media Streaming Protocol		
01791 EA1		
01792 ibm-dt-2		
01793 rsc-robot		
01794 cera-bcm		
01795 dpi-proxy		
01796 Vocaltec Server Administration		
01797 UMA		
01798 Event Transfer Protocol		
01799 NETRISK		
01800 ANSYS-License manager		
01801 Microsoft Message Queuing		
01802 ConComp1		
01803 HP-HCIP-GWY		
01804 ENL		
01805 ENL-Name		
01806 Musiconline		
01807 Fujitsu Hot Standby Protocol		
01808 Oracle-VP2		
01809 Oracle-VP1		
01810 Jerand License Manager		
01811 Scientia-SDB		
01812 RADIUS		
01813 RADIUS Accounting / HackTool.SkSocket		
01814 TDP Suite		
01815 MMPFT		
01816 HARP		
01817 RKB-OSCS		
01818 Enhanced Trivial File Transfer Protocol		
01819 Plato License Manager		
01820 mcagent		
01821 donnyworld		
01822 es-elmd		
01823 Unisys Natural Language License Manager		
01824 metrics-pas		
01825 DirecPC Video		
01826 ARDT		
01827 ASI		
01828 itm-mcell-u		
01829 Optika eMedia		
01830 Oracle Net8 CMan Admin		
01831 Myrtle		
01832 ThoughtTreasure		
01833 udpradio		
01834 ARDUS Unicast		
01835 ARDUS Multicast		
01836 ste-smsc		
01837 csoft1		
01838 TALNET		
01839 netopia-vo1		
01840 netopia-vo2		
01841 netopia-vo3		
01842 netopia-vo4		
01843 netopia-vo5		
01844 DirecPC-DLL		
01850 GSI		
01851 ctcd		
01860 SunSCALAR Services		
01861 LeCroy VICP		
01862 techra-server		
01863 MSN Messenger		
01864 Paradym 31 Port		
01865 ENTP		
01870 SunSCALAR DNS Service		
01871 Cano Central 0		
01872 Cano Central 1		
01873 Fjmpjps		
01874 Fjswapsnp		
01881 IBM MQSeries		
01895 Vista 4GL		
01899 MC2Studios		
01900 SSDP		
01901 Fujitsu ICL Terminal Emulator Program A		
01902 Fujitsu ICL Terminal Emulator Program B		
01903 Local Link Name Resolution		
01904 Fujitsu ICL Terminal Emulator Program C		
01905 Secure UP.Link Gateway Protocol		
01906 TPortMapperReq		
01907 IntraSTAR		
01908 Dawn		
01909 Global World Link		
01910 ultrabac		
01911 Starlight Networks Multimedia Transport Protocol		
01912 rhp-iibp		
01913 armadp		
01914 Elm-Momentum		
01915 FACELINK		
01916 Persoft Persona		
01917 nOAgent		
01918 Candle Directory Service - NDS		
01919 Candle Directory Service - DCH		
01920 Candle Directory Service - FERRET		
01921 NoAdmin		
01922 Tapestry		
01923 SPICE		
01924 XIIP		
01930 Drive AppServer		
01931 AMD SCHED		
01944 close-combat		
01945 dialogic-elmd		
01946 tekpls		
01947 hlserver		
01948 eye2eye		
01949 ISMA Easdaq Live		
01950 ISMA Easdaq Test		
01951 bcs-lmserver		
01952 mpnjsc		
01953 Rapid Base		
01961 BTS APPSERVER		
01962 BIAP-MP		
01963 WebMachine		
01964 SOLID E ENGINE		
01965 Tivoli NPM		
01966 Slush		
01967 SNS Quote		
01972 Cache		
01973 Data Link Switching Remote Access Protocol		
01974 DRP		
01975 TCO Flash Agent		
01976 TCO Reg Agent		
01977 TCO Address Book		
01978 UniSQL		
01979 UniSQL Java		
01984 BB		
01985 Hot Standby Router Protocol		
01986 cisco license management		
01987 cisco RSRB Priority 1 port		
01988 cisco RSRB Priority 2 port		
01989 MHSnet system		
01990 cisco STUN Priority 1 port		
01991 cisco STUN Priority 2 port		
01992 IPsendmsg		
01993 cisco SNMP TCP port		
01994 cisco serial tunnel port		
01995 cisco perf port		
01996 cisco Remote SRB port		
01997 cisco Gateway Discovery Protocol		
01998 cisco X.25 service (XOT)		
01999 cisco identification port / SubSeven (Windows Trojan) / Backdoor (Windows Trojan)		
02000 Remotely Anywhere / VIA NET.WORKS PostOffice Plus		
02001 Cisco mgmt / Remotely Anywhere		
02002 globe		
02003 GNU finger		
02004 mailbox		
02005 encrypted symmetric telnet/login		
02006 invokator		
02007 dectalk		
02008 conf		
02009 news		
02010 search		
02011 raid		
02012 ttyinfo		
02013 raid-am		
02014 troff		
02015 cypress		
02016 bootserver		
02017 cypress-stat		
02018 terminaldb		
02019 whosockami		
02020 xinupageserver		
02021 servexec		
02022 down		
02023 xinuexpansion3		
02024 xinuexpansion4		
02025 ellpack		
02026 scrabble		
02027 shadowserver		
02028 submitserver		
02030 device2		
02032 blackboard		
02033 glogger		
02034 scoremgr		
02035 imsldoc		
02038 objectmanager		
02040 lam		
02041 W32.Korgo Worm / interbase		
02042 isis		
02043 isis-bcast		
02044 rimsl		
02045 cdfunc		
02046 sdfunc		
02047 dls		
02048 dls-monitor		
02049 Network File System - Sun Microsystems		
02053 Kerberos de-multiplexer		
02054 distrib-net		
02065 Data Link Switch Read Port Number		
02067 Data Link Switch Write Port Number		
02080 Wingate		
02090 Load Report Protocol		
02091 PRP		
02092 Descent 3		
02093 NBX CC		
02094 NBX AU		
02095 NBX SER		
02096 NBX DIR		
02097 Jet Form Preview		
02098 Dialog Port		
02099 H.225.0 Annex G		
02100 amiganetfs		
02101 Microsoft Message Queuing / rtcm-sc104		
02102 Zephyr server		
02103 Microsoft Message Queuing RPC / Zephyr serv-hm connection		
02104 Zephyr hostmanager		
02105 Microsoft Message Queuing RPC / MiniPay		
02106 MZAP		
02107 Microsoft Message Queuing Management / BinTec Admin		
02108 Comcam		
02109 Ergolight		
02110 UMSP		
02111 DSATP		
02112 Idonix MetaNet		
02113 HSL StoRM		
02114 NEWHEIGHTS		
02115 KDM / Bugs (Windows Trojan)		
02116 CCOWCMR		
02117 MENTACLIENT		
02118 MENTASERVER		
02119 GSIGATEKEEPER		
02120 Quick Eagle Networks CP		
02121 CCProxy FTP / SCIENTIA-SSDB		
02122 CauPC Remote Control		
02123 GTP-Control Plane (3GPP)		
02124 ELATELINK		
02125 LOCKSTEP		
02126 PktCable-COPS		
02127 INDEX-PC-WB		
02128 Net Steward Control		
02129 cs-live.com		
02130 SWC-XDS		
02131 Avantageb2b		
02132 AVAIL-EPMAP		
02133 ZYMED-ZPP		
02134 AVENUE		
02135 Grid Resource Information Server		
02136 APPWORXSRV		
02137 CONNECT		
02138 UNBIND-CLUSTER		
02139 IAS-AUTH		
02140 IAS-REG		
02141 IAS-ADMIND		
02142 TDM-OVER-IP		
02143 Live Vault Job Control		
02144 Live Vault Fast Object Transfer		
02145 Live Vault Remote Diagnostic Console Support		
02146 Live Vault Admin Event Notification		
02147 Live Vault Authentication		
02148 VERITAS UNIVERSAL COMMUNICATION LAYER		
02149 ACPTSYS		
02150 DYNAMIC3D		
02151 DOCENT		
02152 GTP-User Plane (3GPP)		
02165 X-Bone API		
02166 IWSERVER		
02180 Millicent Vendor Gateway Server		
02181 eforward		
02190 TiVoConnect Beacon		
02191 TvBus Messaging		
02200 ICI		
02201 Advanced Training System Program		
02202 Int. Multimedia Teleconferencing Cosortium		
02213 Kali		
02220 Ganymede		
02221 Rockwell CSP1		
02222 Rockwell CSP2		
02223 Rockwell CSP3		
02232 IVS Video default		
02233 INFOCRYPT		
02234 DirectPlay		
02235 Sercomm-WLink		
02236 Nani		
02237 Optech Port1 License Manager		
02238 AVIVA SNA SERVER		
02239 Image Query		
02240 RECIPe		
02241 IVS Daemon		
02242 Folio Remote Server		
02243 Magicom Protocol		
02244 NMS Server		
02245 HaO		
02279 xmquery		
02280 LNVPOLLER		
02281 LNVCONSOLE		
02282 LNVALARM		
02283 Dumaru.Y (Windows trojan) / LNVSTATUS		
02284 LNVMAPS		
02285 LNVMAILMON		
02286 NAS-Metering		
02287 DNA		
02288 NETML		
02294 Konshus License Manager (FLEX)		
02295 Advant License Manager		
02296 Theta License Manager (Rainbow)		
02297 D2K DataMover 1		
02298 D2K DataMover 2		
02299 PC Telecommute		
02300 CVMMON		
02301 Compaq HTTP		
02302 Bindery Support		
02303 Proxy Gateway		
02304 Attachmate UTS		
02305 MT ScaleServer		
02306 TAPPI BoxNet		
02307 pehelp		
02308 sdhelp		
02309 SD Server		
02310 SD Client		
02311 Message Service		
02313 IAPP (Inter Access Point Protocol)		
02314 CR WebSystems		
02315 Precise Sft.		
02316 SENT License Manager		
02317 Attachmate G32		
02318 Cadence Control		
02319 InfoLibria		
02320 Siebel NS		
02321 RDLAP over UDP		
02322 ofsd		
02323 3d-nfsd		
02324 Cosmocall		
02325 Design Space License Management		
02326 IDCP		
02327 xingcsm		
02328 Netrix SFTM		
02329 NVD		
02330 TSCCHAT		
02331 AGENTVIEW		
02332 RCC Host		
02333 SNAPP		
02334 ACE Client Auth		
02335 ACE Proxy		
02336 Apple UG Control		
02337 ideesrv		
02338 Norton Lambert		
02339 3Com WebView		
02340 WRS Registry		
02341 XIO Status		
02342 Seagate Manage Exec		
02343 nati logos		
02344 fcmsys		
02345 dbm		
02346 Game Connection Port		
02347 Game Announcement and Location		
02348 Information to query for game status		
02349 Diagnostics Port		
02350 psbserver		
02351 psrserver		
02352 pslserver		
02353 pspserver		
02354 psprserver		
02355 psdbserver		
02356 GXT License Managemant		
02357 UniHub Server		
02358 Futrix		
02359 FlukeServer		
02360 NexstorIndLtd		
02361 TL1		
02362 digiman		
02363 Media Central NFSD		
02364 OI-2000		
02365 dbref		
02366 qip-login		
02367 Service Control		
02368 OpenTable		
02369 ACS2000 DSP		
02370 L3-HBMon		
02381 Compaq HTTPS		
02382 Microsoft OLAP		
02383 Microsoft OLAP		
02384 SD-REQUEST		
02389 OpenView Session Mgr		
02390 RSMTP		
02391 3COM Net Management		
02392 Tactical Auth		
02393 MS OLAP 1		
02394 MS OLAP 2		
02395 LAN900 Remote		
02396 Wusage		
02397 NCL		
02398 Orbiter		
02399 FileMaker Inc. - Data Access Layer		
02400 OpEquus Server		
02401 cvspserver		
02402 TaskMaster 2000 Server		
02403 TaskMaster 2000 Web		
02404 IEC870-5-104		
02405 TRC Netpoll		
02406 JediServer		
02407 Orion		
02408 OptimaNet		
02409 SNS Protocol		
02410 VRTS Registry		
02411 Netwave AP Management		
02412 CDN		
02413 orion-rmi-reg		
02414 Interlingua		
02415 COMTEST		
02416 RMT Server		
02417 Composit Server		
02418 cas		
02419 Attachmate S2S		
02420 DSL Remote Management		
02421 G-Talk		
02422 CRMSBITS		
02423 RNRP		
02424 KOFAX-SVR		
02425 Fujitsu App Manager		
02426 Appliant TCP		
02427 Media Gateway Control Protocol Gateway		
02428 One Way Trip Time		
02429 FT-ROLE		
02430 venus		
02431 venus-se		
02432 codasrv		
02433 codasrv-se		
02434 pxc-epmap		
02435 OptiLogic		
02436 TOP/X		
02437 UniControl		
02438 MSP		
02439 SybaseDBSynch		
02440 Spearway Lockers		
02441 pvsw-inet		
02442 Netangel		
02443 PowerClient Central Storage Facility		
02444 BT PP2 Sectrans		
02445 DTN1		
02446 bues_service		
02447 OpenView NNM daemon		
02448 hpppsvr		
02449 RATL		
02450 netadmin		
02451 netchat		
02452 SnifferClient		
02453 madge-om		
02454 IndX-DDS		
02455 WAGO-IO-SYSTEM		
02456 altav-remmgt		
02457 Rapido_IP		
02458 griffin		
02459 Community		
02460 ms-theater		
02461 qadmifoper		
02462 qadmifevent		
02463 Symbios Raid		
02464 DirecPC SI		
02465 Load Balance Management		
02466 Load Balance Forwarding		
02467 High Criteria		
02468 qip_msgd		
02469 MTI-TCS-COMM		
02470 taskman port		
02471 SeaODBC		
02472 C3		
02473 Aker-cdp		
02474 Vital Analysis		
02475 ACE Server		
02476 ACE Server Propagation		
02477 SecurSight Certificate Valifation Service		
02478 SecurSight Authentication Server (SLL)		
02479 SecurSight Event Logging Server (SSL)		
02480 Lingwood's Detail		
02481 Oracle GIOP		
02482 Oracle GIOP SSL		
02483 Oracle TTC		
02484 Oracle TTC SSL		
02485 Net Objects1		
02486 Net Objects2		
02487 Policy Notice Service		
02488 Moy Corporation		
02489 TSILB		
02490 qip_qdhcp		
02491 Conclave CPP		
02492 GROOVE		
02493 Talarian MQS		
02494 BMC AR		
02495 Fast Remote Services		
02496 DIRGIS		
02497 Quad DB		
02498 ODN-CasTraq		
02499 UniControl		
02500 Resource Tracking system server		
02501 Resource Tracking system client		
02502 Kentrox Protocol		
02503 NMS-DPNSS		
02504 WLBS		
02505 torque-traffic		
02506 jbroker		
02507 spock		
02508 JDataStore		
02509 fjmpss		
02510 fjappmgrbulk		
02511 Metastorm		
02512 Citrix IMA		
02513 Citrix ADMIN		
02514 Facsys NTP		
02515 Facsys Router		
02516 Main Control		
02517 H.323 Annex E call signaling transport		
02518 Willy		
02519 globmsgsvc		
02520 pvsw		
02521 Adaptec Manager		
02522 WinDb		
02523 Qke LLC V.3		
02524 Optiwave License Management		
02525 MS V-Worlds		
02526 EMA License Manager		
02527 IQ Server		
02528 NCR CCL		
02529 UTS FTP		
02530 VR Commerce		
02531 ITO-E GUI		
02532 OVTOPMD		
02533 SnifferServer		
02534 Combox Web Access		
02535 W32.Beagle trojan / MADCAP		
02536 btpp2audctr1		
02537 Upgrade Protocol		
02538 vnwk-prapi		
02539 VSI Admin		
02540 LonWorks		
02541 LonWorks2		
02542 daVinci		
02543 REFTEK		
02544 Novell ZEN		
02545 sis-emt		
02546 vytalvaultbrtp		
02547 vytalvaultvsmp		
02548 vytalvaultpipe		
02549 IPASS		
02550 ADS		
02551 ISG UDA Server		
02552 Call Logging		
02553 efidiningport		
02554 VCnet-Link v10		
02555 Compaq WCP		
02556 W32.Beagle.N trojan / MADCAP / nicetec-nmsvc		
02557 nicetec-mgmt		
02558 PCLE Multi Media		
02559 LSTP		
02560 labrat		
02561 MosaixCC		
02562 Delibo		
02563 CTI Redwood		
02564 HP 3000 NS/VT block mode telnet		
02565 Coordinator Server		
02566 pcs-pcw		
02567 Cisco Line Protocol		
02568 SPAM TRAP		
02569 Sonus Call Signal		
02570 HS Port		
02571 CECSVC		
02572 IBP		
02573 Trust Establish		
02574 Blockade BPSP		
02575 HL7		
02576 TCL Pro Debugger		
02577 Scriptics Lsrvr		
02578 RVS ISDN DCP		
02579 mpfoncl		
02580 Tributary		
02581 ARGIS TE		
02582 ARGIS DS		
02583 MON / Wincrash2		
02584 cyaserv		
02585 NETX Server		
02586 NETX Agent		
02587 MASC		
02588 Privilege		
02589 quartus tcl		
02590 idotdist		
02591 Maytag Shuffle		
02592 netrek		
02593 MNS Mail Notice Service		
02594 Data Base Server		
02595 World Fusion 1		
02596 World Fusion 2		
02597 Homestead Glory		
02598 Citrix MA Client		
02599 Meridian Data		
02600 HPSTGMGR		
02601 discp client		
02602 discp server		
02603 Service Meter		
02604 NSC CCS		
02605 NSC POSA		
02606 Dell Netmon		
02607 Dell Connection		
02608 Wag Service		
02609 System Monitor		
02610 VersaTek		
02611 LIONHEAD		
02612 Qpasa Agent		
02613 SMNTUBootstrap		
02614 Never Offline		
02615 firepower		
02616 appswitch-emp		
02617 Clinical Context Managers		
02618 Priority E-Com		
02619 bruce		
02620 LPSRecommender		
02621 Miles Apart Jukebox Server		
02622 MetricaDBC		
02623 LMDP		
02624 Aria		
02625 Blwnkl Port		
02626 gbjd816		
02627 Moshe Beeri		
02628 DICT		
02629 Sitara Server		
02630 Sitara Management		
02631 Sitara Dir		
02632 IRdg Post		
02633 InterIntelli		
02634 PK Electronics		
02635 Back Burner		
02636 Solve		
02637 Import Document Service		
02638 Sybase Anywhere		
02639 AMInet		
02640 Sabbagh Associates Licence Manager		
02641 HDL Server		
02642 Tragic		
02643 GTE-SAMP		
02644 Travsoft IPX Tunnel		
02645 Novell IPX CMD		
02646 AND Licence Manager		
02647 SyncServer		
02648 Upsnotifyprot		
02649 VPSIPPORT		
02650 eristwoguns		
02651 EBInSite		
02652 InterPathPanel		
02653 Sonus		
02654 Corel VNC Admin		
02655 UNIX Nt Glue		
02656 Kana		
02657 SNS Dispatcher		
02658 SNS Admin		
02659 SNS Query		
02660 GC Monitor		
02661 OLHOST		
02662 BinTec-CAPI		
02663 BinTec-TAPI		
02664 Command MQ GM		
02665 Command MQ PM		
02666 extensis		
02667 Alarm Clock Server		
02668 Alarm Clock Client		
02669 TOAD		
02670 TVE Announce		
02671 newlixreg		
02672 nhserver		
02673 First Call 42		
02674 ewnn		
02675 TTC ETAP		
02676 SIMSLink		
02677 Gadget Gate 1 Way		
02678 Gadget Gate 2 Way		
02679 Sync Server SSL		
02680 pxc-sapxom		
02681 mpnjsomb		
02682 SRSP		
02683 NCDLoadBalance		
02684 mpnjsosv		
02685 mpnjsocl		
02686 mpnjsomg		
02687 pq-lic-mgmt		
02688 md-cf-HTTP		
02689 FastLynx		
02690 HP NNM Embedded Database		
02691 IT Internet		
02692 Admins LMS		
02693 belarc-HTTP		
02694 pwrsevent		
02695 VSPREAD		
02696 Unify Admin		
02697 Oce SNMP Trap Port		
02698 MCK-IVPIP		
02699 Csoft Plus Client		
02700 tqdata		
02701 SMS Remote Control (control)		
02702 SMS Remote Control (data)		
02703 SMS Remote Control (chat)		
02704 SMS Remote File Transfer		
02705 SDS Admin		
02706 NCD Mirroring		
02707 EMCSYMAPIPORT		
02708 Banyan-Net		
02709 Supermon		
02710 SSO Service		
02711 SSO Control		
02712 Axapta Object Communication Protocol		
02713 Raven1		
02714 Raven2		
02715 HPSTGMGR2		
02716 Inova IP Disco		
02717 PN REQUESTER		
02718 PN REQUESTER 2		
02719 Scan & Change		
02720 wkars		
02721 Smart Diagnose		
02722 Proactive Server		
02723 WatchDog NT		
02724 qotps		
02725 SQL Analysis Services / MSOLAP PTP2		
02726 TAMS		
02727 Media Gateway Control Protocol Call Agent		
02728 SQDR		
02729 TCIM Control		
02730 NEC RaidPlus		
02731 NetDragon Messanger		
02732 G5M		
02733 Signet CTF		
02734 CCS Software		
02735 Monitor Console		
02736 RADWIZ NMS SRV		
02737 SRP Feedback		
02738 NDL TCP-OSI Gateway		
02739 TN Timing		
02740 Alarm		
02741 TSB		
02742 TSB2		
02743 murx		
02744 honyaku		
02745 W32.Beagle.C trojan) / URBISNET		
02746 CPUDPENCAP		
02747 yk.fujitsu.co.jp		
02748 yk.fujitsu.co.jp		
02749 yk.fujitsu.co.jp		
02750 yk.fujitsu.co.jp		
02751 yk.fujitsu.co.jp		
02752 RSISYS ACCESS		
02753 de-spot		
02754 APOLLO CC		
02755 Express Pay		
02756 simplement-tie		
02757 CNRP		
02758 APOLLO Status		
02759 APOLLO GMS		
02760 Saba MS		
02761 DICOM ISCL		
02762 DICOM TLS		
02763 Desktop DNA		
02764 Data Insurance		
02765 qip-audup		
02766 Compaq SCP		
02767 UADTC		
02768 UACS		
02769 Single Point MVS		
02770 Veronica		
02771 Vergence CM		
02772 auris		
02773 PC Backup		
02774 PC Backup		
02775 SMMP		
02776 Ridgeway Systems & Software		
02777 Ridgeway Systems & Software		
02778 Gwen-Sonya		
02779 LBC Sync		
02780 LBC Control		
02781 whosells		
02782 everydayrc		
02783 AISES		
02784 world wide web - development		
02785 aic-np		
02786 aic-oncrpc - Destiny MCD database		
02787 piccolo - Cornerstone Software		
02788 NetWare Loadable Module - Seagate Software		
02789 Media Agent		
02790 PLG Proxy		
02791 MT Port Registrator		
02792 f5-globalsite		
02793 initlsmsad		
02794 aaftp		
02795 LiveStats		
02796 ac-tech		
02797 esp-encap		
02798 TMESIS-UPShot		
02799 ICON Discover		
02800 ACC RAID		
02801 IGCP		
02802 Veritas TCP1		
02803 btprjctrl		
02804 Telexis VTU		
02805 WTA WSP-S		
02806 cspuni		
02807 cspmulti		
02808 J-LAN-P		
02809 CORBA LOC		
02810 Active Net Steward		
02811 GSI FTP		
02812 atmtcp		
02813 llm-pass		
02814 llm-csv		
02815 LBC Measurement		
02816 LBC Watchdog		
02817 NMSig Port		
02818 rmlnk		
02819 FC Fault Notification		
02820 UniVision		
02821 vml_dms		
02822 ka0wuc		
02823 CQG Net/LAN		
02826 slc systemlog		
02827 slc ctrlrloops		
02828 ITM License Manager		
02829 silkp1		
02830 silkp2		
02831 silkp3		
02832 silkp4		
02833 glishd		
02834 EVTP		
02835 EVTP-DATA		
02836 catalyst		
02837 Repliweb		
02838 Starbot		
02839 NMSigPort		
02840 l3-exprt		
02841 l3-ranger		
02842 l3-hawk		
02843 PDnet		
02844 BPCP POLL		
02845 BPCP TRAP		
02846 AIMPP Hello		
02847 AIMPP Port Req		
02848 AMT-BLC-PORT		
02849 FXP		
02850 MetaConsole		
02851 webemshttp		
02852 bears-01		
02853 ISPipes		
02854 InfoMover		
02856 cesdinv		
02857 SimCtIP		
02858 ECNP		
02859 Active Memory		
02860 Dialpad Voice 1		
02861 Dialpad Voice 2		
02862 TTG Protocol		
02863 Sonar Data		
02864 main 5001 cmd		
02865 pit-vpn		
02866 lwlistener		
02867 esps-portal		
02868 NPEP Messaging		
02869 SSDP event notification / ICSLAP		
02870 daishi		
02871 MSI Select Play		
02872 CONTRACT		
02873 PASPAR2 ZoomIn		
02874 dxmessagebase1		
02875 dxmessagebase2		
02876 SPS Tunnel		
02877 BLUELANCE		
02878 AAP		
02879 ucentric-ds		
02880 synapse		
02881 NDSP		
02882 NDTP		
02883 NDNP		
02884 Flash Msg		
02885 TopFlow		
02886 RESPONSELOGIC		
02887 aironet		
02888 SPCSDLOBBY		
02889 RSOM		
02890 CSPCLMULTI		
02891 CINEGRFX-ELMD License Manager		
02892 SNIFFERDATA		
02893 VSECONNECTOR		
02894 ABACUS-REMOTE		
02895 NATUS LINK		
02896 ECOVISIONG6-1		
02897 Citrix RTMP		
02898 APPLIANCE-CFG		
02899 case.nm.fujitsu.co.jp		
02900 magisoft.com		
02901 ALLSTORCNS		
02902 NET ASPI		
02903 SUITCASE		
02904 M2UA		
02905 M3UA		
02906 CALLER9		
02907 WEBMETHODS B2B		
02908 mao		
02909 Funk Dialout		
02910 TDAccess		
02911 Blockade		
02912 Epicon		
02913 Booster Ware		
02914 Game Lobby		
02915 TK Socket		
02916 Elvin Server		
02917 Elvin Client		
02918 Kasten Chase Pad		
02919 ROBOER		
02920 ROBOEDA		
02921 CESD Contents Delivery Management		
02922 CESD Contents Delivery Data Transfer		
02923 WTA-WSP-WTP-S		
02924 PRECISE-VIP		
02925 Firewall Redundancy Protocol		
02926 MOBILE-FILE-DL		
02927 UNIMOBILECTRL		
02928 REDSTONE-CPSS		
02929 PANJA-WEBADMIN		
02930 PANJA-WEBLINX		
02931 Circle-X		
02932 INCP		
02933 4-TIER OPM GW		
02934 4-TIER OPM CLI		
02935 QTP		
02936 OTPatch		
02937 PNACONSULT-LM		
02938 SM-PAS-1		
02939 SM-PAS-2		
02940 SM-PAS-3		
02941 SM-PAS-4		
02942 SM-PAS-5		
02943 TTNRepository		
02944 Megaco H-248		
02945 H248 Binary		
02946 FJSVmpor		
02947 GPSD		
02948 WAP PUSH		
02949 WAP PUSH SECURE		
02950 ESIP		
02951 OTTP		
02952 MPFWSAS		
02953 OVALARMSRV		
02954 OVALARMSRV-CMD		
02955 CSNOTIFY		
02956 OVRIMOSDBMAN		
02957 JAMCT5		
02958 JAMCT6		
02959 RMOPAGT		
02960 DFOXSERVER		
02961 BOLDSOFT-LM		
02962 IPH-POLICY-CLI		
02963 IPH-POLICY-ADM		
02964 BULLANT SRAP		
02965 BULLANT RAP		
02966 IDP-INFOTRIEVE		
02967 SSC-AGENT		
02968 ENPP		
02969 UPnP / ESSP		
02970 INDEX-NET		
02971 Net Clip		
02972 PMSM Webrctl		
02973 SV Networks		
02974 Signal		
02975 Fujitsu Configuration Management Service		
02976 CNS Server Port		
02977 TTCs Enterprise Test Access Protocol - NS		
02978 TTCs Enterprise Test Access Protocol - DS		
02979 H.263 Video Streaming		
02980 Instant Messaging Service		
02981 MYLXAMPORT		
02982 IWB-WHITEBOARD		
02983 NETPLAN		
02984 HPIDSADMIN		
02985 HPIDSAGENT		
02986 STONEFALLS		
02987 IDENTIFY		
02988 CLASSIFY		
02989 ZARKOV		
02990 BOSCAP		
02991 WKSTN-MON		
02992 ITB301		
02993 VERITAS VIS1		
02994 VERITAS VIS2		
02995 IDRS		
02996 vsixml		
02997 REBOL		
02998 Real Secure		
02999 RemoteWare Unassigned		
03000 RemoteWare Client		
03001 Phatbot Worm / Redwood Broker		
03002 RemoteWare Server		
03003 CGMS		
03004 Csoft Agent		
03005 Genius License Manager		
03006 Instant Internet Admin		
03007 Lotus Mail Tracking Agent Protocol		
03008 Midnight Technologies		
03009 PXC-NTFY		
03010 Telerate Workstation		
03011 Trusted Web		
03012 Trusted Web Client		
03013 Gilat Sky Surfer		
03014 Broker Service		
03015 NATI DSTP		
03016 Notify Server		
03017 Event Listener		
03018 Service Registry		
03019 Resource Manager		
03020 CIFS		
03021 AGRI Server		
03022 CSREGAGENT		
03023 magicnotes		
03024 NDS_SSO		
03025 Arepa Raft		
03026 AGRI Gateway		
03027 LiebDevMgmt_C		
03028 LiebDevMgmt_DM		
03029 LiebDevMgmt_A		
03030 Arepa Cas		
03031 AgentVU		
03032 Redwood Chat		
03033 PDB		
03034 Osmosis AEEA		
03035 FJSV gssagt		
03036 Hagel DUMP		
03037 HP SAN Mgmt		
03038 Santak UPS		
03039 Cogitate Inc.		
03040 Tomato Springs		
03041 di-traceware		
03042 journee		
03043 BRP		
03045 ResponseNet		
03046 di-ase		
03047 Fast Security HL Server		
03048 Sierra Net PC Trader		
03049 NSWS		
03050 gds_db (InterBase/Firebird)		
03051 Galaxy Server		
03052 APCPCNS		
03053 dsom-server		
03054 AMT CNF PROT		
03055 Policy Server		
03056 CDL Server		
03057 GoAhead FldUp		
03058 videobeans		
03059 qsoft		
03060 interserver		
03061 cautcpd		
03062 ncacn-ip-tcp		
03063 ncadg-ip-udp		
03065 slinterbase		
03066 NETATTACHSDMP		
03067 W32.Korgo Worm / FJHPJP		
03068 ls3 Broadcast		
03069 ls3		
03070 MGXSWITCH		
03075 Orbix 2000 Locator		
03076 Orbix 2000 Config		
03077 Orbix 2000 Locator SSL		
03078 Orbix 2000 Locator SSL		
03079 LV Front Panel		
03080 stm_pproc		
03081 TL1-LV		
03082 TL1-RAW		
03083 TL1-TELNET		
03084 ITM-MCCS		
03085 PCIHReq		
03086 JDL-DBKitchen		
03105 Cardbox		
03106 Cardbox HTTP		
03127 W32.Mydoom.A virus		
03128 Squid HTTP Proxy / W32.Mydoom.B virus		
03129 Master's Paradise (Windows Trojan)		
03130 ICPv2		
03131 Net Book Mark		
03141 VMODEM		
03142 RDC WH EOS		
03143 Sea View		
03144 Tarantella		
03145 CSI-LFAP		
03147 RFIO		
03148 NetMike Game Administrator		
03149 NetMike Game Server		
03150 NetMike Assessor Administrator		
03151 NetMike Assessor		
03180 Millicent Broker Server		
03181 BMC Patrol Agent		
03182 BMC Patrol Rendezvous		
03262 NECP		
03264 cc:mail/lotus		
03265 Altav Tunnel		
03266 NS CFG Server		
03267 IBM Dial Out		
03268 Microsoft Global Catalog		
03269 Microsoft Global Catalog with LDAP/SSL		
03270 Verismart		
03271 CSoft Prev Port		
03272 Fujitsu User Manager		
03273 Simple Extensible Multiplexed Protocol		
03274 Ordinox Server		
03275 SAMD		
03276 Maxim ASICs		
03277 AWG Proxy		
03278 LKCM Server		
03279 admind		
03280 VS Server		
03281 SYSOPT		
03282 Datusorb		
03283 Net Assistant		
03284 4Talk		
03285 Plato		
03286 E-Net		
03287 DIRECTVDATA		
03288 COPS		
03289 ENPC		
03290 CAPS LOGISTICS TOOLKIT - LM		
03291 S A Holditch & Associates - LM		
03292 Cart O Rama		
03293 fg-fps		
03294 fg-gip		
03295 Dynamic IP Lookup		
03296 Rib License Manager		
03297 Cytel License Manager		
03298 Transview		
03299 pdrncs		
03300 bmc-patrol-agent		
03301 Unathorised use by SAP R/3		
03302 MCS Fastmail		
03303 OP Session Client		
03304 OP Session Server		
03305 ODETTE-FTP		
03306 MySQL		
03307 OP Session Proxy		
03308 TNS Server		
03309 TNS ADV		
03310 Dyna Access		
03311 MCNS Tel Ret		
03312 Application Management Server		
03313 Unify Object Broker		
03314 Unify Object Host		
03315 CDID		
03316 AICC/CMI		
03317 VSAI PORT		
03318 Swith to Swith Routing Information Protocol		
03319 SDT License Manager		
03320 Office Link 2000		
03321 VNSSTR		
03325 isi.edu		
03326 SFTU		
03327 BBARS		
03328 Eaglepoint License Manager		
03329 HP Device Disc		
03330 MCS Calypso ICF		
03331 MCS Messaging		
03332 MCS Mail Server		
03333 DEC Notes		
03334 Direct TV Webcasting		
03335 Direct TV Software Updates		
03336 Direct TV Tickers		
03337 Direct TV Data Catalog		
03338 OMF data b		
03339 OMF data l		
03340 OMF data m		
03341 OMF data h		
03342 WebTIE		
03343 MS Cluster Net		
03344 BNT Manager		
03345 Influence		
03346 Trnsprnt Proxy		
03347 Phoenix RPC		
03348 Pangolin Laser		
03349 Chevin Services		
03350 FINDVIATV		
03351 BTRIEVE		
03352 SSQL		
03353 FATPIPE		
03354 SUITJD		
03355 Hogle (proxy backdoor) / Ordinox Dbase		
03356 UPNOTIFYPS		
03357 Adtech Test IP		
03358 Mp Sys Rmsvr		
03359 WG NetForce		
03360 KV Server		
03361 KV Agent		
03362 DJ ILM		
03363 NATI Vi Server		
03364 Creative Server		
03365 Content Server		
03366 Creative Partner		
03371 ccm.jf.intel.com		
03372 Microsoft Distributed Transaction Coordinator (MSDTC) / TIP 2		
03373 Lavenir License Manager		
03374 Cluster Disc		
03375 VSNM Agent		
03376 CD Broker		
03377 Cogsys Network License Manager		
03378 WSICOPY		
03379 SOCORFS		
03380 SNS Channels		
03381 Geneous		
03382 Fujitsu Network Enhanced Antitheft function		
03383 Enterprise Software Products License Manager		
03384 Cluster Management Services		
03385 qnxnetman		
03386 GPRS Data		
03387 Back Room Net		
03388 CB Server		
03389 MS Terminal Server		
03390 Distributed Service Coordinator		
03391 SAVANT		
03392 EFI License Management		
03393 D2K Tapestry Client to Server		
03394 D2K Tapestry Server to Server		
03395 Dyna License Manager (Elam)		
03396 Printer Agent		
03397 Cloanto License Manager		
03398 Mercantile		
03399 CSMS		
03400 CSMS2		
03401 filecast		
03410 Backdoor.OptixPro.13		
03421 Bull Apprise portmapper		
03454 Apple Remote Access Protocol		
03455 RSVP Port		
03456 VAT default data		
03457 VAT default control		
03458 D3WinOsfi		
03459 TIP Integral		
03460 EDM Manger		
03461 EDM Stager		
03462 EDM STD Notify		
03463 EDM ADM Notify		
03464 EDM MGR Sync		
03465 EDM MGR Cntrl		
03466 WORKFLOW		
03467 RCST		
03468 TTCM Remote Controll		
03469 Pluribus		
03470 jt400		
03471 jt400-ssl		
03535 MS-LA		
03563 Watcom Debug		
03572 harlequin.co.uk		
03672 harlequinorb		
03689 Apple Digital Audio Access Protocol		
03802 VHD		
03845 V-ONE Single Port Proxy		
03862 GIGA-POCKET		
03875 PNBSCADA		
03900 Unidata UDT OS		
03984 MAPPER network node manager		
03985 MAPPER TCP/IP server		
03986 MAPPER workstation server		
03987 Centerline		
04000 Terabase		
04001 Cisco mgmt / NewOak		
04002 pxc-spvr-ft		
04003 pxc-splr-ft		
04004 pxc-roid		
04005 pxc-pin		
04006 pxc-spvr		
04007 pxc-splr		
04008 NetCheque accounting		
04009 Chimera HWM		
04010 Samsung Unidex		
04011 Alternate Service Boot		
04012 PDA Gate		
04013 ACL Manager		
04014 TAICLOCK		
04015 Talarian Mcast		
04016 Talarian Mcast		
04017 Talarian Mcast		
04018 Talarian Mcast		
04019 Talarian Mcast		
04045 nfs-lockd		
04096 BRE (Bridge Relay Element)		
04097 Patrol View		
04098 drmsfsd		
04099 DPCP		
04132 NUTS Daemon		
04133 NUTS Bootp Server		
04134 NIFTY-Serve HMI protocol		
04141 Workflow Server		
04142 Document Server		
04143 Document Replication		
04144 Compuserve pc windows		
04160 Jini Discovery		
04199 EIMS ADMIN		
04299 earth.path.net		
04300 Corel CCam		
04321 Remote Who Is		
04333 mini-sql server		
04343 UNICALL		
04344 VinaInstall		
04345 Macro 4 Network AS		
04346 ELAN LM		
04347 LAN Surveyor		
04348 ITOSE		
04349 File System Port Map		
04350 Net Device		
04351 PLCY Net Services		
04353 F5 iQuery		
04397 Phatbot Worm		
04442 Saris		
04443 Pharos		
04444 AdSubtract / NV Video default		
04445 UPNOTIFYP		
04446 N1-FWP		
04447 N1-RMGMT		
04448 ASC Licence Manager		
04449 PrivateWire		
04450 Camp		
04451 CTI System Msg		
04452 CTI Program Load		
04453 NSS Alert Manager		
04454 NSS Agent Manager		
04455 PR Chat User		
04456 PR Chat Server		
04457 PR Register		
04500 sae-urn		
04501 urn-x-cdchoice		
04545 WorldScores		
04546 SF License Manager (Sentinel)		
04547 Lanner License Manager		
04557 FAX transmission service		
04559 HylaFAX client-service protocol		
04567 TRAM		
04568 BMC Reporting		
04600 Piranha1		
04601 Piranha2		
04661 eDonkey2k		
04662 eDonkey2k		
04663 eDonkey		
04665 eDonkey2k		
04672 remote file access server		
04675 eMule		
04711 eMule		
04751 W32.Beagle.V trojan		
04772 eMule		
04800 Icona Instant Messenging System		
04801 Icona Web Embedded Chat		
04802 Icona License System Server		
04820 Backdoor.Tuxter		
04827 HTCP		
04837 Varadero-0		
04838 Varadero-1		
04868 Photon Relay		
04869 Photon Relay Debug		
04885 ABBS		
04899 RAdmin Win32 remote control	
04983 AT&T Intercom		
05000 UPnP / filmaker.com / Socket de Troie (Windows Trojan)		
05001 filmaker.com / Socket de Troie (Windows Trojan)		
05002 radio free ethernet		
05003 FileMaker Inc. - Proprietary transport		
05004 avt-profile-1		
05005 avt-profile-2		
05006 wsm server		
05007 wsm server ssl		
05010 TelepathStart		
05011 TelepathAttack		
05020 zenginkyo-1		
05021 zenginkyo-2
05040 eMails, News Clients, and Web		
05042 asnaacceler8db		
05050 Yahoo Messenger / multimedia conference control tool		
05051 ITA Agent		
05052 ITA Manager		
05055 UNOT		
05060 SIP		
05069 I/Net 2000-NPR		
05071 PowerSchool		
05093 Sentinel LM		
05099 SentLM Srv2Srv		
05101 Yahoo! Messenger		
05145 RMONITOR SECURE		
05150 Ascend Tunnel Management Protocol		
05151 ESRI SDE Instance		
05152 ESRI SDE Instance Discovery		
05165 ife_1corp		
05190 America-Online		
05191 AmericaOnline1		
05192 AmericaOnline2		
05193 AmericaOnline3		
05200 Targus AIB 1		
05201 Targus AIB 2		
05202 Targus TNTS 1		
05203 Targus TNTS 2		
05222 Jabber Server		
05232 SGI Distribution Graphics		
05236 padl2sim		
05272 PK		
05300 HA cluster heartbeat		
05301 HA cluster general services		
05302 HA cluster configuration		
05303 HA cluster probing		
05304 HA Cluster Commands		
05305 HA Cluster Test		
05306 Sun MC Group		
05307 SCO AIP		
05308 CFengine		
05309 J Printer		
05310 Outlaws		
05311 TM Login
05357 Web Services for Devices (WSDAPI)		
05373 W32.Gluber.B@mm		
05400 Excerpt Search / Blade Runner (Windows Trojan)		
05401 Excerpt Search Secure / Blade Runner (Windows Trojan)		
05402 MFTP / Blade Runner (Windows Trojan)		
05403 HPOMS-CI-LSTN		
05404 HPOMS-DPS-LSTN		
05405 NetSupport		
05406 Systemics Sox		
05407 Foresyte-Clear		
05408 Foresyte-Sec		
05409 Salient Data Server		
05410 Salient User Manager		
05411 ActNet		
05412 Continuus		
05413 WWIOTALK		
05414 StatusD		
05415 NS Server		
05416 SNS Gateway		
05417 SNS Agent		
05418 MCNTP		
05419 DJ-ICE		
05420 Cylink-C		
05421 Net Support 2		
05422 Salient MUX		
05423 VIRTUALUSER		
05426 DEVBASIC		
05427 SCO
O5428 TELACONSOLE
O5428 TELACONSOLE
O5429 Billing and Accounting Exchange
O5429 Billing and Accounting Exchange
O5430 RADEC CORP
O5430 RADEC CORP
O5431 PARK AGENT
O5431 PARK AGENT
O5432 PostgreSQL Database
O5432 PostgreSQL Database
O5433 Pyrrho DBMS
O5433 Pyrrho DBMS
O5434 SGI Array Services
O5434 SGI Array Services
O5435 SCEANICS situation and notification
O5435 SCEANICS situation and notification
O5436 pmip6-cntl
O5437 pmip6-data
O5443 Pearson HTTPS
O5443 Pearson HTTPS
O5453 SureBox
O5453 SureBox
O5454 APC 5454
O5454 APC 5454
O5455 APC 5455
O5455 APC 5455
O5456 APC 5456
O5456 APC 5456
O5461 SILKMETER
O5461 SILKMETER
O5462 TTL Publisher
O5462 TTL Publisher
O5463 TTL Price Proxy
O5463 TTL Price Proxy
O5464 Quail Networks Object
O5464 Quail Networks Object
O5465 NETOPS-BROKER
O5465 NETOPS-BROKER
05500 fcp-addr-srvr1	fcp-addr-srvr1
05501 fcp-addr-srvr2	fcp-addr-srvr2
05501 fcp-addr-srvr2	fcp-addr-srvr2
05502 fcp-srvr-inst1	fcp-srvr-inst1
05502 fcp-srvr-inst1	fcp-srvr-inst1
05503 fcp-srvr-inst2	fcp-srvr-inst2
05503 fcp-srvr-inst2	fcp-srvr-inst2
05504 fcp-cics-gw1	fcp-cics-gw1
05504 fcp-cics-gw1	fcp-cics-gw1
05505 checkoutdb	Checkout Database
05505 checkoutdb	Checkout Database
05506 amc	Amcom Mobile Connect
05506 amc	Amcom Mobile Connect
05553 sgi-eventmond	SGI Eventmond Port
05553 sgi-eventmond	SGI Eventmond Port
05554 sgi-esphttp	SGI ESP HTTP
05554 sgi-esphttp	SGI ESP HTTP
05555 personal-agent	Personal Agent
05555 personal-agent	Personal Agent
05556 freeciv	Freeciv gameplay
05556 freeciv	Freeciv gameplay
05557 farenet	Sandlab FARENET
05566 westec-connect	Westec Connect
05567 m-oap	Multicast Object Access
05567 m-oap	Multicast Object Access
05568 sdt	Session Data Transport
05568 sdt	Session Data Transport
05573 sdmmp	SAS Domain Management Protocol
05573 sdmmp	SAS Domain Management Protocol
05574 lsi-bobcat	SAS IO Forwarding
05575 ora-oap	Oracle Access Protocol
05579 fdtracks	FleetDisplay Tracking Service
05580 tmosms0	T-Mobile SMS Protocol 0
05580 tmosms0	T-Mobile SMS Protocol 0
05581 tmosms1	T-Mobile SMS Protocol 1
05581 tmosms1	T-Mobile SMS Protocol 1
05582 fac-restore	T-Mobile SMS Protocol 3
05582 fac-restore	T-Mobile SMS Protocol 3
05583 tmo-icon-sync	T-Mobile SMS Protocol 2
05583 tmo-icon-sync	T-Mobile SMS Protocol 2
05584 bis-web	BeInSync-Web
05584 bis-web	BeInSync-Web
05585 bis-sync	BeInSync-sync
05585 bis-sync	BeInSync-sync
05597 ininmessaging	inin secure messaging
05597 ininmessaging	inin secure messaging
05598 mctfeed	MCT Market Data
05598 mctfeed	MCT Market Data
05599 esinstall	Enterprise Security Remote
05599 esinstall	Enterprise Security Remote
05600 esmmanager	Enterprise Security Manager
05600 esmmanager	Enterprise Security Manager
05601 esmagent	Enterprise Security Agent
05601 esmagent	Enterprise Security Agent
05602 a1-msc	A1-MSC
05602 a1-msc	A1-MSC
05603 a1-bs	A1-BS
05603 a1-bs	A1-BS
05604 a3-sdunode	A3-SDUNode
05604 a3-sdunode	A3-SDUNode
05605 a4-sdunode	A4-SDUNode
05605 a4-sdunode	A4-SDUNode
05627 ninaf	Node Initiated Network Forma
05627 ninaf	Node Initiated Network Forma
05628 htrust	HTrust API
05628 htrust	HTrust API
05629 symantec-sfdb	Symantec Storage Foundation Database
05629 symantec-sfdb	Symantec Storage Foundation Database
05630 precise-comm	PreciseCommunication
05630 precise-comm	PreciseCommunication
05631 pcanywheredata	pcANYWHEREdata
05631 pcanywheredata	pcANYWHEREdata
05632 pcanywherestat	pcANYWHEREstat
05632 pcanywherestat	pcANYWHEREstat
05633 beorl	BE Operations Request
05633 beorl	BE Operations Request
05634 xprtld	SF Message Service
05634 xprtld	SF Message Service
05635 sfmsso	SFM Authentication Subsystem
05636 sfm-db-server	SFMdb - SFM server
05671 amqps	amqp protocol over
05671 amqps	amqp protocol over
05672 amqp	AMQP
05672 amqp	AMQP
05672 amqp	AMQP
05673 jms	JACL Message Server
05673 jms	JACL Message Server
05674 hyperscsi-port	HyperSCSI Port
05674 hyperscsi-port	HyperSCSI Port
05675 v5ua	V5UA application port
05675 v5ua	V5UA application port
05675 v5ua	V5UA application port
05676 raadmin	RA Administration
05676 raadmin	RA Administration
05677 questdb2-lnchr	Quest Central DB2
05677 questdb2-lnchr	Quest Central DB2
05678 rrac	Remote Replication Agent
05678 rrac	Remote Replication Agent
05679 dccm	Direct Cable Connect
05679 dccm	Direct Cable Connect
05680 auriga-router	Auriga Router Service
05680 auriga-router	Auriga Router Service
05681 ncxcp	Net-coneX Control Protocol
05681 ncxcp	Net-coneX Control Protocol
05682 brightcore	BrightCore control & transfer
05688 ggz	GGZ Gaming Zone
05688 ggz	GGZ Gaming Zone
05689 qmvideo	QM video network protocol
05689 qmvideo	QM video network protocol
05713 proshareaudio	proshare conf audio
05713 proshareaudio	proshare conf audio
05714 prosharevideo	proshare conf video
05714 prosharevideo	proshare conf video
05715 prosharedata	proshare conf data
05715 prosharedata	proshare conf data
05716 prosharerequest	proshare conf request
05716 prosharerequest	proshare conf request
05717 prosharenotify	proshare conf notify
05717 prosharenotify	proshare conf notify
05718 dpm	DPM Communication Server
05718 dpm	DPM Communication Server
05719 dpm-agent	DPM Agent Coordinator
05719 dpm-agent	DPM Agent Coordinator
05720 ms-licensing	MS-Licensing
05720 ms-licensing	MS-Licensing
05721 dtpt	Desktop Passthru Service
05721 dtpt	Desktop Passthru Service
05722 msdfsr	Microsoft DFS Replication
05722 msdfsr	Microsoft DFS Replication
05723 omhs	Operations Manager - Service
05723 omhs	Operations Manager - Service
05724 omsdk	Operations Manager - Service
05724 omsdk	Operations Manager - Service
05725 ms-ilm	Microsoft Identity Lifecycle
05726 ms-ilm-sts	Microsoft Lifecycle Manager Token
05727 asgenf	ASG Event Notification
05728 io-dist-data	Dist. I/O Comm. Data
05728 io-dist-group	Dist. I/O Comm. Group
05729 openmail	Openmail User Agent
05729 openmail	Openmail User Agent
05730 unieng	Steltor's calendar access
05730 unieng	Steltor's calendar access
05741 ida-discover1	IDA Discover Port
05741 ida-discover1	IDA Discover Port
05742 ida-discover2	IDA Discover Port
05742 ida-discover2	IDA Discover Port
05743 watchdoc-pod	Watchdoc NetPOD Protocol
05743 watchdoc-pod	Watchdoc NetPOD Protocol
05744 watchdoc	Watchdoc Server
05744 watchdoc	Watchdoc Server
05745 fcopy-server	fcopy-server
05745 fcopy-server	fcopy-server
05746 fcopys-server	fcopys-server
05746 fcopys-server	fcopys-server
05747 tunatic	Wildbits Tunatic
05747 tunatic	Wildbits Tunatic
05748 tunalyzer	Wildbits Tunalyzer
05748 tunalyzer	Wildbits Tunalyzer
05750 rscd	Bladelogic Agent Service
05750 rscd	Bladelogic Agent Service
05755 openmailg	OpenMail Desk Gateway
05755 openmailg	OpenMail Desk Gateway
05757 x500ms	OpenMail X.500 Directory
05757 x500ms	OpenMail X.500 Directory
05766 openmailns	OpenMail NewMail Server
05766 openmailns	OpenMail NewMail Server
05767 s-openmail	OpenMail Suer Agent (Secure)
05767 s-openmail	OpenMail Suer Agent (Secure)
05768 openmailpxy	OpenMail CMTS Server
05768 openmailpxy	OpenMail CMTS Server
05769 spramsca	x509solutions Internal CA
05769 spramsca	x509solutions Internal CA
05770 spramsd	x509solutions Secure Data
05770 spramsd	x509solutions Secure Data
05771 netagent	NetAgent
05771 netagent	NetAgent
05777 dali-port	DALI Port
05777 dali-port	DALI Port
05780 vts-rpc	Visual Tag System
05781 3par-evts	3PAR Event Reporting
05781 3par-evts	3PAR Event Reporting
05782 3par-mgmt	3PAR Management Service
05782 3par-mgmt	3PAR Management Service
05783 3par-mgmt-ssl	3PAR Management Service SSL
05783 3par-mgmt-ssl	3PAR Management Service SSL
05784 ibar	Cisco Interbox Application
05785 3par-rcopy	3PAR Inform Remote
05785 3par-rcopy	3PAR Inform Remote
05786 cisco-redu	redundancy notification
05793 xtreamx	XtreamX Supervised Peer
05793 xtreamx	XtreamX Supervised Peer
05794 spdp	Simple Peered Discovery
05800 VNC Remote Desktop Protocol over HTTP	inoffiziell
05814 Hewlett-Packard Support Automation (HP OpenView Self-Healing Services)	offiziell
05850 COMIT SE (PCR)	inoffiziell
05852 Adeona client: Verbindung zu OpenDHT	inoffiziell
05900 Virtual Network Computing (VNC) (Apple Remote Desktop)	offiziell
05912 Tidal	inoffiziell
05938 TeamViewer[54] RDP	inoffiziell
05982 TightProjector	inoffiziell
05984 CouchDB/Server	offiziell
05999 CVSup[55]	offiziell
06000 X11	offiziell
06001 X11	offiziell
06005 BMC Software Control-M/Server	offiziell
06005 Camfrog	inoffiziell
06050 Brightstor Arcserve Backup	inoffiziell
06050 Nortel Software	inoffiziell
06051 Brightstor Arcserve Backup	inoffiziell
06072 iOperator Protocol Signal Port	inoffiziell
06086 PDTP	offiziell
06100 Vizrt System	inoffiziell
06100 Ventrilo/Authentikation	offiziell
06101 Backup Exec Agent Browser	inoffiziell
06110 softcm, HP Softbench CM	offiziell
06111 spc, HP Softbench Sub-Process Control	offiziell
06112 dtspcd	offiziell
06112 dtspcd	offiziell
06112 Blizzards Battle.net, ArenaNet, Relic	inoffiziell
06112 Club Penguin	inoffiziell
06113 Club Penguin	inoffiziell
06129 DameWare Remote Control	offiziell
06257 WinMX (siehe auch 6699)	inoffiziell
06260 planet M.U.L.E.	inoffiziell
06262 Sybase Advantage Database Server	inoffiziell
06343 SFlow, sFlow Trafficmonitoring	offiziell
06346 gnutella-svc, gnutella (FrostWire, LimeWire, Shareaza etc.)	offiziell
06347 gnutella-rtr, Gnutella	offiziell
06350 App Discovery and Access Protocol	offiziell
06389 EMC CLARiiON	inoffiziell
06419 Simple VDR Protocol	offiziell
06432 PgBouncer	offiziell
06444 Sun Grid Engine	offiziell
06445 Sun Grid Engine	offiziell
06454 Art-Net (DMX)	offiziell
06502 Netop Business Solutions – NetOp Remote Control	inoffiziell
06503 Netop Business Solutions – NetOp School	inoffiziell
06514 Transport Layer Security (TLS) Transport Mapping for Syslog (RFC 5425)	offiziell
06522 Gobby	inoffiziell
06523 Gobby	inoffiziell
06543 Paradigm Research & Development Jetnet[56] default	inoffiziell
06556 CheckMK Agent[57]	inoffiziell
06566 SANE (Scanner Access Now Easy) – SANE network scanner daemon	inoffiziell
06571 Windows Live FolderShare client	inoffiziell
06600 Music Playing Daemon (MPD)	inoffiziell
06619 odette-ftps, Odette File Transfer Protocol (OFTP) over TLS/SSL	offiziell
06626 WAGO-Service-Protocol (wago-service)	offiziell
06646 McAfee Network Agent	inoffiziell
06660 Internet Relay Chat (IRC)	inoffiziell
06665 Internet Relay Chat (IRC)	offiziell
06679 Osorno Automation Protocol (OSAUT)	offiziell
06679 IRC over SSL (Secure Internet Relay Chat)	inoffiziell
06697 IRC over SSL (Secure Internet Relay Chat)	offiziell
06699 WinMX (siehe auch 6257)	inoffiziell
06702 Tidal	inoffiziell
06771 Polycom/Server-Broadcast	inoffiziell
06789 Datalogger Support Software Campbell Scientific Loggernet Software	inoffiziell
06881 BitTorrent (P2P)	inoffiziell
06888 MUSE	offiziell
06888 BitTorrent (P2P)	inoffiziell
06889 BitTorrent (P2P)	inoffiziell
06891 BitTorrent (P2P)	inoffiziell
06891 Windows Live Messenger (Dateiübertragung)	inoffiziell
06901 Windows Live Messenger (Audio)	inoffiziell
06901 BitTorrent (P2P)	inoffiziell
06902 UDP	BitTorrent (P2P)	inoffiziell
06969 acmsoda	offiziell
06969 BitTorrent-Tracker	inoffiziell
06970 UDP	BitTorrent (P2P)	inoffiziell
07000 Vuzes eingebauter HTTPS-BitTorrent-Tracker	inoffiziell
07001 BEA WebLogic-Server HTTP-Server	inoffiziell
07002 BEA WebLogic-Server HTTPS server	inoffiziell
07005 BMC Software Control-M/Server	inoffiziell
07006 BMC Software Control-M/Server	inoffiziell
07010 Voreinstellung bei Cisco AON AMC (AON Management Console)[58]	inoffiziell
07025 Zimbra LMTP [mailbox] (Lokale Mailzustellung)	inoffiziell
07047 Zimbra	inoffiziell
07133 Enemy Territory: Quake Wars	inoffiziell
07144 Peercast	inoffiziell
07145 Peercast	inoffiziell
07171 Tibia	inoffiziell
07306 Zimbra mysql [mailbox]	inoffiziell
07307 Zimbra mysql [logger]	inoffiziell
07312 Sibelius Lizenzserver	inoffiziell
07400 RTPS (Real Time Publish Subscribe) DDS Discovery	offiziell
07401 RTPS (Real Time Publish Subscribe) DDS User-Traffic	offiziell
07402 RTPS (Real Time Publish Subscribe) DDS Meta-Traffic	offiziell
07509 ACPLT - process automation service	offiziell
07547 CPE WAN Management Protocol Technical Report 069	offiziell
07615 ISL Online[59] communication protocol	inoffiziell
07647 Distributed Ruby	inoffiziell
07670 BrettspielWelt BSW Boardgame Portal	inoffiziell
07676 Aqumin AlphaVision Remote Command Interface	inoffiziell
07700 P2P DC (RedHub)	inoffiziell
07777 iChat/Dateiübertragungsproxy	inoffiziell
07777 Oracle Cluster File System 2	inoffiziell
07777 Grand Theft Auto: San Andreas Server default port	inoffiziell
07777 Terraria Server Standard Port[60]	inoffiziell
07777 Windows – Backdoor-Programm tini.exe	inoffiziell
07777 Xivio.com Chat Server Interface	inoffiziell
07778 Bad Trip MUD	inoffiziell
07777 Unreal Tournament series default server	inoffiziell
07777 Unreal Tournament series default server	inoffiziell
07787 GFI EventsManager 7 & 8	offiziell
07788 DRBD	inoffiziell
07831 Smartlaunch Internet Cafe Administration[61]	inoffiziell
07880 PowerSchool Gradebook Server	inoffiziell
07915 Voreinstellung für YSFlight server ysflight.com	inoffiziell
07935 Flash Debug Player[62]	inoffiziell
07937 UDP	EMC² (Legato) Networker oder Sun Solcitice Backup	offiziell
08000 iRDMI (Intel Remote Desktop Management Interface)[63] – manchmal statt 8080 genutzt	offiziell
08000 iRDMI (Intel Remote Desktop Management Interface)[63]	offiziell
08000 SHOUTcast	inoffiziell
08000 WinMOS 300 (Aufzugsmonitoringsystem)	inoffiziell
08001 SHOUTcast	inoffiziell
08002 Cisco Systems Unified Call Manager Intercluster	inoffiziell
08005 PLATO ASCII-Protokoll[64]	inoffiziell
08006 Proxmox VE Webinterface ab Version 3.x[65]	inoffiziell
08007 Proxmox Backup Server[66]	inoffiziell
08008 HTTP – Alternativ	offiziell
08008 IBM HTTP Server Administration	inoffiziell
08008 Google Chromecast	inoffiziell
08009 Google Chromecast	inoffiziell
08009 ajp13 – Apache JServ Protocol AJP Connector	inoffiziellHypertext Transfer Protocol|
08010 XMPP Dateiübertragungen	inoffiziell
08011 –	HTTP Symon Communications Event and Query Engine	inoffiziell
08016 Secure Automation Device Specification (Beckhoff Automation)[67]	?
08051 Rocrail Client Service (Model Railroad Control System)[68]	offiziell
08074 Gadu-Gadu	inoffiziell
08078 Endless Online-based servers	inoffiziell
08080 HTTP alternativ (http_alt); oft genutzt für Proxyserver und Cachingserver, oder um einen Webserver ohne root-Rechte zu nutzen	offiziell
08080 Apache Tomcat	inoffiziell
08080 FilePhile Master/Relay	inoffiziell
08081 HTTP/Alternativ, VibeStreamer, z. B. McAfee ePolicy Orchestrator (ePO)	inoffiziell
08083 FHEM; Weboberfläche eines Hausautomationssystems	inoffiziell
08086 HELM Web Host Automation Windows Control Panel	inoffiziell
08086 Kaspersky Anti-Virus Control Center	inoffiziell
08087 Hosting Accelerator Control Panel	inoffiziell
08087 Parallels Plesk Control Panel	inoffiziell
08087 Kaspersky Anti-Virus Control Center	inoffiziell
08087 SinusBot Interface (HTTP)	inoffiziell
08088 Radan HTTP[69]	offiziell
08089 Splunk Daemon	inoffiziell
08090 HTTP Alternative (http_alt_alt)	inoffiziell
08101 openHAB Control Panel	inoffiziell
08116 Check Point Cluster Control Protocol	inoffiziell
08118 Privoxy	offiziell
08123 Polipo Web proxy	offiziell
08192 Sophos Remote Management System	inoffiziell
08193 Sophos Remote Management System	inoffiziell
08194 Sophos Remote Management System	inoffiziell
08200 GoToMyPC	inoffiziell
08222 VMware Server Management User Interface (unsicheres Webinterface). Siehe auch Port 8333	inoffiziell
08243 HTTPS für Apache Synapse[70]	offiziell
08280 HTTP für Apache Synapse[70]	offiziell
08291 MikroTik Router-OS Winbox	inoffiziell
08303 Teeworlds Server	inoffiziell
08332 Bitcoin JSON-RPC Server[71]	inoffiziell
08333 Bitcoin[72]	inoffiziell
08333 VMware Siehe auch Port 8222	inoffiziell
08400 cvp, Commvault Unified Data Management	offiziell
08423 Aristech text-to-speech server	offiziell
08442 CyBro A-bus, Cybrotech Ltd.	offiziell
08443 PCsync HTTPS (IANA)[73]; inoffiziell: SW Soft Plesk Control Panel, Apache Tomcat SSL, Promise WebPAM SSL, LiveConfig, IPCop	offiziell
08444 PCsync HTTPS[73]	offiziell
08484 MapleStory	inoffiziell
08500 ColdFusion Macromedia/Adobe ColdFusion, Duke Nukem 3D	inoffiziell
08501 DukesterX – default	inoffiziell
08529 ArangoDB	offiziell
08530 WSUS HTTP Standardport[74]	inoffiziell
08531 WSUS HTTPS Standardport[74]	inoffiziell
08585 Lizenzserver der Fa. cseTools[75]	inoffiziell
08691 Ultra Fractal	inoffiziell
08701 SoftPerfect Bandwidth Manager	inoffiziell
08702 SoftPerfect Bandwidth Manager	inoffiziell
08728 MikroTik Router-OS API	offiziell
08729 MikroTik Router-OS API-SSL	offiziell
08767 TeamSpeak	inoffiziell
08768 TeamSpeak	inoffiziell
08880 cddbp-alt, CDDB protocol (CDDBP) alternativ	offiziell
08880 cddbp-alt, CDDB protocol (CDDBP) alternativ	offiziell
08880 WebSphere Application Server SOAP connector Voreinstellung	inoffiziell
08880 Win Media Streamer to Server SOAP connector Voreinstellung	inoffiziell
08881 Atlasz Informatics Research Ltd atlasz.com Secure Application Server	inoffiziell
08882 Atlasz Informatics Research Ltd Secure Application Server	inoffiziell
08883 Secure MQTT (Message Queue Telemetry Transport over SSL)	offiziell
08887 HyperVM HTTP	offiziell
08888 HyperVM HTTPS	offiziell
08888 NewsEDGE Server	offiziell
08888 NewsEDGE Server	offiziell
08888 Sun Answerbook dwhttpd Server [76]	inoffiziell
08888 GNUmp3d HTTP music streaming and Web interface	inoffiziell
08888 LoLo Catcher HTTP Web interface	inoffiziell
08888 D2GS Admin Console Telnetkonsole für D2GS servers (Diablo 2)	inoffiziell
08888 Earthland Realms 2 Server (AU1_2)	inoffiziell
08889 Earthland Realms 2 Server (AU1_1)	inoffiziell
08983 Default für Apache Solr[77]	inoffiziell
08953 unbound dns nameserver Kontroll-Port	offiziell
08953 reserviert	offiziell
08954 Canto Cumulus Admin Port	offiziell
09000 Buffalo LinkSystem Web access	inoffiziell
09000 DBGp	inoffiziell
09000 SqueezeCenter web server & streaming	inoffiziell
09000 UDP Cast	inoffiziell
09001 ETL Service Manager[78]	offiziell
09001 Microsoft SharePoint Authoring Environment	inoffiziell
09001 cisco-xremote router configuration	inoffiziell
09001 Tor	inoffiziell
09001 DBGp Proxy	inoffiziell
09009 Pichat-Server – Peer-to-Peer Chat Software	offiziell
09010 ProMoS DMS Datenbankkommunikation und Lizenzierung	inoffiziell
09011 ProMoS PDBS Kommunikation zu historischen Daten	inoffiziell
09020 ProMoS DMS/PDBS Webservices (JSON/REST)	inoffiziell
09030 Tor/oft genutzt	inoffiziell
09043 WebSphere Application Server Administration Console secure	inoffiziell
09050 Tor	inoffiziell
09051 Tor	inoffiziell
09060 WebSphere Application Server Administration Console	inoffiziell
09080 glrpc, Microsoft Groove Kollaborationssoftware GLRPC	offiziell
09080 glrpc, Microsoft Groove Kollaborationssoftware GLRPC	offiziell
09080 WebSphere Application Server HTTP Transport (port 1) Voreinstellung	inoffiziell
09090 Webwasher, Secure Web, McAfee Web Gateway – Default Proxy Port, ManageEngine Applications Manager	inoffiziell
09090 Openfire Administration Console	inoffiziell
09090 SqueezeCenter/Kontrolle (CLI)	inoffiziell
09091 Openfire Administration Console (SSL Secured)	inoffiziell
09100 PDL Data Stream	offiziell
09101 Bacula Director	offiziell
09102 Bacula File Daemon	offiziell
09103 Bacula Storage Daemon	offiziell
09105 Xadmin Control Daemon	offiziell
09110 SSMP Message protocol	inoffiziell
09119 MXit Instant Messenger	offiziell
09150 Tor Browser Bundle	inoffiziell
09200 SEH myUTN Manager[79]	inoffiziell
09287 Canto Cumulus	offiziell
09293 Sony PlayStation RemotePlay	inoffiziell
09300 IBM Cognos 8 SOAP	inoffiziell
09303 D-Link Shareport	inoffiziell
09306 Sphinx Native API	offiziell
09312 Sphinx SphinxQL	offiziell
09418 git, Git pack transfer service	offiziell
09420 MooseFS distributed file system	inoffiziell
09421 MooseFS distributed file system	inoffiziell
09422 MooseFS distributed file system	inoffiziell
09443 AD Configuration Server
09501 Keppe Chat, Keppe Project-Team Chat System	inoffiziell
09522 Speedwire, SMA Solar Technology AG, Kommunikationsprotokoll	offiziell
09535 mngsuite, LANDesk Management Suite Remote Control	offiziell
09536 laes-bf, IP Fabrics Surveillance buffering function	offiziell
09600 Omron FINS, OMRON FINS PLC communication	offiziell
09675 Spiceworks Desktop, IT Helpdesk Software	inoffiziell
09676 Spiceworks Desktop, IT Helpdesk Software	inoffiziell
09695 CCNx	offiziell
09800 WebDAV Source	offiziell
09800 WebCT e-learning portal	inoffiziell
09875 Disney Club Penguin Onlinespiel für Kinder	inoffiziell
09898 MonkeyCom	offiziell
09898 MonkeyCom	offiziell
09898 Tripwire – File Integrity Monitoring Software	inoffiziell
09987 TeamSpeak 3 Voice	inoffiziell
09996 „The Palace“ Virtual Reality Chat Software – 5	offiziell
09999 Hydranode – donkey2000 Telnet control	inoffiziell
09999 Lantronix UDS-10/UDS100[80] RS-485 to Ethernet Converter Telnet control	inoffiziell
09999 Urchin Web Analytics	inoffiziell
10000 Webmin	inoffiziell
10000 BackupExec	inoffiziell
10000 Ericsson Account Manager (avim)	inoffiziell
10001 SCP Configuration	offiziell
10001 Lantronix UDS-10/UDS100[81] RS-485 to Ethernet Converter Voreinstellung	inoffiziell
10001 Ubiquiti UniFi Access Point[82]	inoffiziell
10008 Octopus Multiplexer	offiziell
10009 Cross Fire	inoffiziell
10010 Open Object Rexx (ooRexx) rxapi daemon	offiziell
10011 TeamSpeak 3 ServerQuery (Telnet)	inoffiziell
10017 AIX, NeXT, HPUX – rexd daemon control	inoffiziell
10022 TeamSpeak 3 ServerQuery (SSH)	inoffiziell
10024 Zimbra SMTP [mta] – postfix nach amavis	inoffiziell
10025 Zimbra SMTP – amavis zurück zu postfix	inoffiziell
10042 Mathoid server – konvertiert texvc zu MathML + SVG	inoffiziell
10050 Zabbix-Agent	offiziell
10051 Zabbix-Trapper	offiziell
10080 TeamSpeak 3 Query über HTTP	inoffiziell
10113 NetIQ Endpoint	offiziell
10114 NetIQ Qcheck	offiziell
10115 NetIQ Endpoint	offiziell
10116 NetIQ VoIP Assessor	offiziell
10200 FRISK Software International – Virenscannerdaemon für UNIX	inoffiziell
10201 FRISK Software International – Virenscannerdaemon für UNIX	inoffiziell
10308 Lock-on: Modern Air Combat	inoffiziell
10480 SWAT 4 Ausgewiesener Server	inoffiziell
10443 TeamSpeak 3 Query über HTTPS	inoffiziell
10823 Landwirtschafts-Simulator 2011/13/15/17 Standard-Server	inoffiziell
11155 Tunngle[83]	inoffiziell
11211 memcached	inoffiziell
11235 Savage:Battle for Newerth Online-Server	inoffiziell
11294 Blood Quest Online-Server	inoffiziell
11335 rspamd Hash-Duplizierung	inoffiziell
11371 OpenPGP-HTTP-Schlüsselserver (HPK)	offiziell
11576 IPStor	inoffiziell
12010 ElevateDB	inoffiziell
12011 Axence nVision	inoffiziell
12012 Axence nVision	inoffiziell
12012 Audition Online Dance Battle, Korea-Server – Status/Version Check	inoffiziell
12012 Audition Online Dance Battle, Korea-Server – Status/Version Check	inoffiziell
12013 Audition Online Dance Battle, Korea-Server	inoffiziell
12035 Linden Lab Second Life[84]	inoffiziell
12222 Light Weight Access Point Protocol (LWAPP; RFC 5412)	offiziell
12223 Light Weight Access Point Protocol (LWAPP; RFC 5412)	offiziell
12345 NetBus	inoffiziell
12489 NSClient/NSClient++/NC_Net (Nagios)	inoffiziell
12975 LogMeIn Hamachi	inoffiziell
12998 UDP	Takenaka RDI Mirror World on SecondLife	inoffiziell
13000 UDP	Linden Lab	inoffiziell
13008 Cross Fire
13076 BMC Software Control-M/Enterprise Manager	offiziell
13666 LCDproc Daemon	inoffiziell
13195 UDP	Ontolux Ontolux 2D	inoffiziell
13720 UDP	Symantec NetBackup/VERITAS	offiziell
13724 Symantec Network Utility – vnetd/VERITAS	offiziell
13782 Symantec NetBackup/VERITAS	offiziell
13783 Symantec VOPIED protocol (VERITAS)	offiziell
13785 Symantec NetBackup Database – nbdb (VERITAS)	offiziell
13786 Symantec nomdb (VERITAS)	offiziell
14439 APRS UI-View Amateur Radio[85] UI-WebServer	inoffiziell
14567 Battlefield 1942	inoffiziell
14942 [[Trend Micro ServerProtect for Linux (SPLX) 3.0 web console can be accessed using Hypertext Transfer Protocol (HTTP)]]	inoffiziell
14943 Trend Micro ServerProtect for Linux (SPLX) 3.0 web console can be accessed using HTTPS (Hypertext Transfer Protocol over SSL/TLS)	inoffiziell
15000 psyBNC	inoffiziell
15000 Wesnoth	inoffiziell
15000 Kaspersky Network Agent	inoffiziell
15000 hydap	offiziell
15000 hydap	offiziell
15345 XPilot	offiziell
15567 Battlefield Vietnam	inoffiziell
15672 RabbitMQ management console (Pivotal Software)	inoffiziell
16000 shroudBNC	inoffiziell
16080 Mac OS X Server Web (HTTP) service	inoffiziell
16384 Iron Mountain Digital online Backup	inoffiziell
16567 Battlefield 2	inoffiziell
16992 Intel(R) Active Management Technology (AMT)	offiziell
17475 DMXControl 3 Network Broker	inoffiziell
17500 Dropbox LanSync Protocol (db-lsp)	offiziell
17500 Dropbox LanSync Discovery (db-lsp-disc)	offiziell
18010 Super Dancer Online Extreme(SDO-X) – CiB Net Station Malaysia Server	inoffiziell
18104 RAD PDF Service	offiziell
18180 DART Reporting server	inoffiziell
18200 Audition Online Dance Battle, AsiaSoft Thailand Server – Status/Version Check	inoffiziell
18201 Audition Online Dance Battle, AsiaSoft Thailand Server	inoffiziell
18206 Audition Online Dance Battle, AsiaSoft Thailand Server – FAM Database	inoffiziell
18300 Audition Online Dance Battle, AsiaSoft SEA Server – Status/Version Check	inoffiziell
18301 Audition Online Dance Battle, AsiaSoft SEA Server	inoffiziell
18306 Audition Online Dance Battle, AsiaSoft SEA Server – FAM Database	inoffiziell
18400 Audition Online Dance Battle, KAIZEN Brazil Server – Status/Version Check	inoffiziell
18401 Audition Online Dance Battle, KAIZEN Brazil Server	inoffiziell
18505 Audition Online Dance Battle, Nexon Server – Status/Version Check	inoffiziell
18506 Audition Online Dance Battle, Nexon Server	inoffiziell
18605 X-BEAT – Status/Version Check	inoffiziell
18606 X-BEAT	inoffiziell
19000 Audition Online Dance Battle, G10/alaplaya Server – Status/Version Check	inoffiziell
19001 Audition Online Dance Battle, G10/alaplaya Server	inoffiziell
19132 Minecraft Pocket Edition[86]	inoffiziell
19226 Panda Software AdminSecure Communication Agent	inoffiziell
19283 K2 – KeyAuditor & KeyServer, Sassafras Software Inc. Lizenzmanagement Werkzeuge	offiziell
19294 Google Talk Voice and Video connections[87]	inoffiziell
19295 Google Talk Voice and Video connections[87]	inoffiziell
19302 Google Talk Voice and Video connections[87]	inoffiziell
19315 KeyShadow for K2 – KeyAuditor & KeyServer, Sassafras Software Inc. Lizenzmanagement Werkzeuge	offiziell
19638 Ensim Control Panel	inoffiziell
19812 4D database SQL Communication	inoffiziell
19813 4D database Client Server Communication	inoffiziell
19814 4D database DB4D Communication	inoffiziell
19999 DNP – Secure (Distributed Network Protocol – Secure), a secure version of the protocol used in SCADA systems between communicating RTUs and IEDs	offiziell
20000 DNP (Distributed Network Protocol), a protocol used in SCADA systems between communicating RTUs and IEDs	offiziell
20000 Usermin, Web-based user tool	inoffiziell
20014 DART Reporting server	inoffiziell
20720 Symantec i3 Web GUI server	inoffiziell
21001 AMLFilter, AMLFilter Inc. amlf-admin Standardport	inoffiziell
21011 AMLFilter, AMLFilter Inc. amlf-engine-01 HTTP Standardport	inoffiziell
21012 AMLFilter, AMLFilter Inc. amlf-engine-01 HTTPS Standardport	inoffiziell
21021 AMLFilter, AMLFilter Inc. amlf-engine-02 HTTP Standardport	inoffiziell
21022 AMLFilter, AMLFilter Inc. amlf-engine-02 HTTPS Standardport	inoffiziell
22000 ZVT-Protokoll (Zahlungsverkehrterminal) Standardport	inoffiziell
22136 FLIR Systems Camera Resource Protocol	inoffiziell
22222 Davis Instruments, WeatherLink IP	inoffiziell
22347 WibuKey, WIBU-SYSTEMS AG Kopierschutz	offiziell
22350 CodeMeter, WIBU-SYSTEMS AG Kopierschutz	offiziell
22351 CodeMeter-CmWAN WIBU-SYSTEMS AG Kopierschutz	offiziell
23073 Soldat Ausgewiesener Server	inoffiziell
23399 Skype Standard Protokoll	inoffiziell
23513 Duke Nukem 3D Duke Nukem Ports	inoffiziell
24444 NetBeans IDE	inoffiziell
24465 Tonido Directory Server für Tonido, eine Personal Web App- und P2P-Plattform	offiziell
24554 BINKP, FidoNet mail transfers over TCP/IP	offiziell
24800 Synergy: KVM Software	inoffiziell
24842 StepMania: Online: Dance Dance Revolution Simulator	inoffiziell
25565 Minecraft Ausgewiesener Server	offiziell
25565 MySQL Standard MySQL Port	inoffiziell
25577 Minecraft BungeeCord Server	inoffiziell
25888 Xfire (Firewall Report, UDP_IN)	inoffiziell
25999 Xfire	inoffiziell
26000 Quake von id Software	offiziell
26000 Quake von id Software	offiziell
26000 EVE Online MMORPG von CCP	inoffiziell
26900 EVE Online MMORPG von CCP	inoffiziell
26901 EVE Online MMORPG von CCP	inoffiziell
27000 (bis 27006) Hauptserver für QuakeWorld von id Software	inoffiziell
27000 FLEXnet Publishers License server	inoffiziell
27010 Source Engine reservierter Serverport	inoffiziell
27014 Source Engine reservierter Serverport (selten)	inoffiziell
27015 GoldSrc und Source Engine reservierter Serverport	inoffiziell
27016 Magicka Serverport	inoffiziell
27017 mongoDB Serverport	inoffiziell
27036 Steam In-Home-Streaming Discovery-Protokoll	inoffiziell
27374 Sub7 Standard	inoffiziell
27500 (bis 27900) QuakeWorld von id Software	inoffiziell
27632 Sniper Ghost Warrior von City Interactive	inoffiziell
27888 Kaillera Server	inoffiziell
27900 Nintendo Wi-Fi Connection	inoffiziell
27901 (bis 27910) Hauptserver für Quake II von id Software	inoffiziell
27960 (bis 27969) Enemy Territory von Activision, Quake III Arena, Quake III und Quake Live von id Software sowie einige von ioquake3 abgeleitete Spiele	inoffiziell
28000 Bitfighter Standard Bitfighter Server	inoffiziell
28001 Starsiege: Tribes Standard Tribes v.1 Server	inoffiziell
28395 SmartSystemsLLC.com Smart Sale 5.0	inoffiziell
28763 AssaultCube Server	inoffiziell
28910 Nintendo Wi-Fi Connection	inoffiziell
28960 Call of Duty; Call of Duty: United Offensive; Call of Duty 2; Call of Duty 4: Modern Warfare; Call of Duty: World at War (PC Version)	inoffiziell
29000 Perfect World International	inoffiziell
29900 Nintendo Wi-Fi Connection	inoffiziell
29920 Nintendo Wi-Fi Connection	inoffiziell
30000 Pokémon Netbattle	inoffiziell
30033 TeamSpeak 3 DateiTransfer	inoffiziell
30301 BitTorrent	inoffiziell
30564 Multiplicity: keyboard/mouse/clipboard sharing software	inoffiziell
30464 UDP	Kaba Gruppe, BCLAN	inoffiziell
30718 Lantronix	inoffiziell
30777 ZangZing agent	inoffiziell
31337 Back Orifice – Fernwartung (oft jedoch Trojanisches Pferd)	inoffiziell
31415 ThoughtSignal – Server Communication Service	inoffiziell
31456 TetriNET IRC Gateway	inoffiziell
31457 TetriNET	offiziell
31458 TetriNET	inoffiziell
32123 x3Lobby	inoffiziell
32245 MMTSG-mutualed over MMT	inoffiziell
32400 Plex Media Server	inoffiziell
32769 FileNet RPC	inoffiziell
32976 LogMeIn Hamachi	inoffiziell
33434 traceroute	offiziell
34443 Linksys PSUS4 print server	inoffiziell
36963 Counter Strike 2D	inoffiziell
37659 Axence nVision	inoffiziell
37777 Digital Video Recorder hardware	inoffiziell
38000 InfoVista Server Database[88]	offiziell
38001 	PCS IT-Trading Tradecontrol	inoffiziell
40000 SafetyNET p Echtzeit Industrial Ethernet	offiziell
40001 JamesWebster port Echtzeit Industrial Ethernet	offiziell
41144 TeamSpeak DNS (TSDNS)	inoffiziell
41823 Murealm Client	inoffiziell
42069 N.I.C.E. Project	inoffiziell
43047 TheòsMessenger	offiziell
43048 TheòsMessenger	offiziell
43594 Jagex, RuneScape, FunOrb etc.	inoffiziell
44818 EtherNet/IP (Industrial Ethernet)	offiziell
47808 BACnet	offiziell
48898 Automation Device Specification (Beckhoff Automation)[89]	inoffiziell
48899 Automation Device Specification (Beckhoff Automation)[89]	inoffiziell
49000 Server für Statusinformationen, SOAP (z. B. bei Fritz!Box)	inoffiziell
49151 reserviert
49301 Online Keylogger (TCP)
49664 MWRPC Services
49665 Taskplaner, Spooler, Eventlog or Skype
49666 Taskplaner, Spooler, Eventlog or Skype
49667 Taskplaner, Spooler, Eventlog or Skype
49668 Taskplaner, Spooler, Eventlog or Skype
49669 Taskplaner, Spooler, Eventlog or Skype
49679 Unassigned
50113 SAP Central Services (SCS and ASCS)
50300 O&O Defrag and Firewalls
50505 Sockets de Troie (TCP)
50766 Fore, Schwindler (TCP)
51996 CafeIni (TCP)
53001 Remote Windows Shutdown (TCP)
53217 Acid Battery 2000 (TCP)
54283 BackDoor-G, SubSeven, Sub7(*) (TCP)
54320 Back Orifice 2000, BO2K(*) (UDP)
54321 Schoolbus .69-1.11 + 1.6 + 2.0, Back Orifice 2000, BO2K(*) (TCP/UDP)
57341 NetRaider (TCP)
58339 ButtFunnel (TCP)
60000 Deep Throat 2.0 / 3.0 (TCP)
60068 Xzip 6000068 (TCP)
60411 Connection (TCP)
61348 Bunker-Hill (TCP)
61466 Telecommando (TCP)
61603 Bunker-Hill (TCP)
63485 Bunker-Hill (TCP)
65000 Devil Trojan 1.03, Stacheldraht (DDoS) (TCP)
65432 The Traitor (TCP/UDP)
65535 RC (TCP) 
